<html>
<body>
<pre>
<h1>礦ision Build Log</h1>
<h2>Project:</h2>
D:\王均伟\LWIP1.5.0\SDK\LWIP150_GIT.uvproj
Project File Date:  04/09/2016

<h2>Output:</h2>
Build target 'lwip_git'
linking...
Program Size: Code=30066 RO-data=590 RW-data=216 ZI-data=19024  
FromELF: creating hex file...
"LWIP150_GIT.axf" - 0 Error(s), 0 Warning(s).
Build target 'lwip_git'
compiling netconf.c...
..\myself\src\netconf.c(156): warning:  #223-D: function "tcp_tmr" declared implicitly
..\myself\src\netconf.c:       tcp_tmr();
..\myself\src\netconf.c:       ^
..\myself\src\netconf.c(53): warning:  #177-D: variable "IPaddress" was declared but never referenced
..\myself\src\netconf.c:   static uint32_t IPaddress = 0;
..\myself\src\netconf.c:                   ^
..\myself\src\netconf.c: ..\myself\src\netconf.c: 2 warnings, 0 errors
linking...
Program Size: Code=30066 RO-data=590 RW-data=216 ZI-data=19024  
FromELF: creating hex file...
"LWIP150_GIT.axf" - 0 Error(s), 2 Warning(s).
Load "D:\\王均伟\\LWIP1.5.0\\SDK\\LWIP150_GIT.AXF" 
USB Communication Failure
Load "D:\\王均伟\\LWIP1.5.0\\SDK\\LWIP150_GIT.AXF" 
Set JLink Project File to "D:\王均伟\LWIP1.5.0\SDK\JLinkSettings.ini"
 
JLink info:
------------
DLL: V4.15n, compiled Jun 18 2010 19:55:09
Firmware: J-Link ARM V8 compiled May 20 2010 17:07:46
Hardware: V8.00
S/N : 805306163 
Feature(s) : RDI,FlashDL,FlashBP,JFlash,GDBFull 
 
* JLink Info: TotalIRLen = 9, IRPrint = 0x0011
* JLink Info: Found Cortex-M3 r1p1, Little endian.
* JLink Info: TPIU fitted.
* JLink Info: ETM fitted.
* JLink Info:   FPUnit: 6 code (BP) slots and 2 literal slots
ROMTableAddr = 0xE00FF003
 
Target info:
------------
Device: STM32F107VC
VTarget = 3.241V
State of Pins: 
TCK: 1, TDI: 0, TDO: 1, TMS: 0, TRES: 1, TRST: 1
* JLink Info: TotalIRLen = 9, IRPrint = 0x0011
* JLink Info: Found Cortex-M3 r1p1, Little endian.
* JLink Info: TPIU fitted.
* JLink Info: ETM fitted.
* JLink Info:   FPUnit: 6 code (BP) slots and 2 literal slots
Hardware-Breakpoints: 6
Software-Breakpoints: 2048
Watchpoints:          4
JTAG speed: 2000 kHz
 
Erase Done.
Programming Done.
Verify OK.
* JLink Info: TotalIRLen = 9, IRPrint = 0x0011
* JLink Info: Found Cortex-M3 r1p1, Little endian.
* JLink Info: TPIU fitted.
* JLink Info: ETM fitted.
* JLink Info:   FPUnit: 6 code (BP) slots and 2 literal slots
Application running ...
