ARM Linker, 4.1 [Build 481] [Standard]

==============================================================================

Section Cross References

    main.o(i.Delay) refers to main.o(.data) for LocalTime
    main.o(i.Time_Update) refers to main.o(.data) for LocalTime
    main.o(i.main) refers to stm32f107.o(i.System_Setup) for System_Setup
    main.o(i.main) refers to netconf.o(i.LwIP_Init) for LwIP_Init
    main.o(i.main) refers to netconf.o(i.LwIP_Periodic_Handle) for LwIP_Periodic_Handle
    main.o(i.main) refers to main.o(.data) for LocalTime
    stm32f10x_it.o(i.ETH_IRQHandler) refers to ethernetif.o(i.Read_Eth_Packet) for Read_Eth_Packet
    stm32f10x_it.o(i.ETH_IRQHandler) refers to stm32_eth.o(i.ETH_GetRxPktSize) for ETH_GetRxPktSize
    stm32f10x_it.o(i.ETH_IRQHandler) refers to stm32_eth.o(i.ETH_DMAClearITPendingBit) for ETH_DMAClearITPendingBit
    stm32f10x_it.o(i.SysTick_Handler) refers to main.o(i.Time_Update) for Time_Update
    stm32f107.o(i.ADC_Configuration) refers to stm32f10x_adc.o(i.ADC_Init) for ADC_Init
    stm32f107.o(i.ADC_Configuration) refers to stm32f10x_adc.o(i.ADC_RegularChannelConfig) for ADC_RegularChannelConfig
    stm32f107.o(i.ADC_Configuration) refers to stm32f10x_adc.o(i.ADC_Cmd) for ADC_Cmd
    stm32f107.o(i.ADC_Configuration) refers to stm32f10x_adc.o(i.ADC_SoftwareStartConvCmd) for ADC_SoftwareStartConvCmd
    stm32f107.o(i.Ethernet_Configuration) refers to stm32f10x_gpio.o(i.GPIO_ETH_MediaInterfaceConfig) for GPIO_ETH_MediaInterfaceConfig
    stm32f107.o(i.Ethernet_Configuration) refers to stm32f10x_rcc.o(i.RCC_MCOConfig) for RCC_MCOConfig
    stm32f107.o(i.Ethernet_Configuration) refers to stm32_eth.o(i.ETH_DeInit) for ETH_DeInit
    stm32f107.o(i.Ethernet_Configuration) refers to stm32_eth.o(i.ETH_SoftwareReset) for ETH_SoftwareReset
    stm32f107.o(i.Ethernet_Configuration) refers to stm32_eth.o(i.ETH_GetSoftwareResetStatus) for ETH_GetSoftwareResetStatus
    stm32f107.o(i.Ethernet_Configuration) refers to stm32_eth.o(i.ETH_StructInit) for ETH_StructInit
    stm32f107.o(i.Ethernet_Configuration) refers to stm32_eth.o(i.ETH_Init) for ETH_Init
    stm32f107.o(i.Ethernet_Configuration) refers to stm32_eth.o(i.ETH_DMAITConfig) for ETH_DMAITConfig
    stm32f107.o(i.GPIO_Configuration) refers to stm32f10x_gpio.o(i.GPIO_Init) for GPIO_Init
    stm32f107.o(i.GPIO_Configuration) refers to stm32f10x_gpio.o(i.GPIO_PinRemapConfig) for GPIO_PinRemapConfig
    stm32f107.o(i.NVIC_Configuration) refers to misc.o(i.NVIC_SetVectorTable) for NVIC_SetVectorTable
    stm32f107.o(i.NVIC_Configuration) refers to misc.o(i.NVIC_PriorityGroupConfig) for NVIC_PriorityGroupConfig
    stm32f107.o(i.NVIC_Configuration) refers to misc.o(i.NVIC_Init) for NVIC_Init
    stm32f107.o(i.System_Setup) refers to system_stm32f10x.o(i.SystemInit) for SystemInit
    stm32f107.o(i.System_Setup) refers to stm32f10x_rcc.o(i.RCC_APB1PeriphClockCmd) for RCC_APB1PeriphClockCmd
    stm32f107.o(i.System_Setup) refers to stm32f10x_rcc.o(i.RCC_AHBPeriphClockCmd) for RCC_AHBPeriphClockCmd
    stm32f107.o(i.System_Setup) refers to stm32f10x_rcc.o(i.RCC_APB2PeriphClockCmd) for RCC_APB2PeriphClockCmd
    stm32f107.o(i.System_Setup) refers to stm32f107.o(i.NVIC_Configuration) for NVIC_Configuration
    stm32f107.o(i.System_Setup) refers to stm32f107.o(i.GPIO_Configuration) for GPIO_Configuration
    stm32f107.o(i.System_Setup) refers to stm32f107.o(i.Ethernet_Configuration) for Ethernet_Configuration
    stm32f107.o(i.System_Setup) refers to stm32f10x_rcc.o(i.RCC_GetClocksFreq) for RCC_GetClocksFreq
    stm32f107.o(i.System_Setup) refers to stm32f107.o(i.NVIC_SetPriority) for NVIC_SetPriority
    netconf.o(i.LwIP_Init) refers to mem.o(i.mem_init) for mem_init
    netconf.o(i.LwIP_Init) refers to ethernetif.o(i.Set_MAC_Address) for Set_MAC_Address
    netconf.o(i.LwIP_Init) refers to netif.o(i.netif_add) for netif_add
    netconf.o(i.LwIP_Init) refers to netif.o(i.netif_set_default) for netif_set_default
    netconf.o(i.LwIP_Init) refers to netif.o(i.netif_set_up) for netif_set_up
    netconf.o(i.LwIP_Init) refers to netconf.o(.data) for macaddress
    netconf.o(i.LwIP_Init) refers to etharp.o(i.ethernet_input) for ethernet_input
    netconf.o(i.LwIP_Init) refers to ethernetif.o(i.ethernetif_init) for ethernetif_init
    netconf.o(i.LwIP_Init) refers to netconf.o(.bss) for netif
    netconf.o(i.LwIP_Periodic_Handle) refers to ethernetif.o(i.ETH_Recive_Poll) for ETH_Recive_Poll
    netconf.o(i.LwIP_Periodic_Handle) refers to tcp.o(i.tcp_tmr) for tcp_tmr
    netconf.o(i.LwIP_Periodic_Handle) refers to etharp.o(i.etharp_tmr) for etharp_tmr
    netconf.o(i.LwIP_Periodic_Handle) refers to netconf.o(.data) for TCPTimer
    netconf.o(i.LwIP_Pkt_Handle) refers to ethernetif.o(i.ethernetif_input) for ethernetif_input
    netconf.o(i.LwIP_Pkt_Handle) refers to netconf.o(.bss) for netif
    stm32f10x_adc.o(i.ADC_DeInit) refers to stm32f10x_rcc.o(i.RCC_APB2PeriphResetCmd) for RCC_APB2PeriphResetCmd
[...]
    i.Read_Eth_Packet                        0x08001304   Section        0  ethernetif.o(i.Read_Eth_Packet)
    i.SVC_Handler                            0x08001350   Section        0  stm32f10x_it.o(i.SVC_Handler)
    i.SetSysClock                            0x08001352   Section        0  system_stm32f10x.o(i.SetSysClock)
    SetSysClock                              0x08001353   Thumb Code     8  system_stm32f10x.o(i.SetSysClock)
    i.SetSysClockTo72                        0x0800135c   Section        0  system_stm32f10x.o(i.SetSysClockTo72)
    SetSysClockTo72                          0x0800135d   Thumb Code   260  system_stm32f10x.o(i.SetSysClockTo72)
    i.Set_MAC_Address                        0x08001474   Section        0  ethernetif.o(i.Set_MAC_Address)
    i.SysTick_Handler                        0x080014a0   Section        0  stm32f10x_it.o(i.SysTick_Handler)
    i.SystemInit                             0x080014a8   Section        0  system_stm32f10x.o(i.SystemInit)
    i.System_Setup                           0x08001508   Section        0  stm32f107.o(i.System_Setup)
    i.Time_Update                            0x08001580   Section        0  main.o(i.Time_Update)
    i.UsageFault_Handler                     0x08001590   Section        0  stm32f10x_it.o(i.UsageFault_Handler)
    i.etharp_arp_input                       0x08001594   Section        0  etharp.o(i.etharp_arp_input)
    etharp_arp_input                         0x08001595   Thumb Code   342  etharp.o(i.etharp_arp_input)
    i.etharp_find_entry                      0x080016f0   Section        0  etharp.o(i.etharp_find_entry)
    etharp_find_entry                        0x080016f1   Thumb Code   412  etharp.o(i.etharp_find_entry)
    i.etharp_free_entry                      0x08001890   Section        0  etharp.o(i.etharp_free_entry)
    etharp_free_entry                        0x08001891   Thumb Code    58  etharp.o(i.etharp_free_entry)
    i.etharp_output                          0x080018d0   Section        0  etharp.o(i.etharp_output)
    i.etharp_output_to_arp_index             0x08001a3c   Section        0  etharp.o(i.etharp_output_to_arp_index)
    etharp_output_to_arp_index               0x08001a3d   Thumb Code   192  etharp.o(i.etharp_output_to_arp_index)
    i.etharp_query                           0x08001b00   Section        0  etharp.o(i.etharp_query)
    i.etharp_raw                             0x08001cc4   Section        0  etharp.o(i.etharp_raw)
    etharp_raw                               0x08001cc5   Thumb Code   232  etharp.o(i.etharp_raw)
    i.etharp_request                         0x08001db0   Section        0  etharp.o(i.etharp_request)
    i.etharp_request_dst                     0x08001dc8   Section        0  etharp.o(i.etharp_request_dst)
    etharp_request_dst                       0x08001dc9   Thumb Code    38  etharp.o(i.etharp_request_dst)
    i.etharp_send_ip                         0x08001df4   Section        0  etharp.o(i.etharp_send_ip)
    etharp_send_ip                           0x08001df5   Thumb Code    68  etharp.o(i.etharp_send_ip)
    i.etharp_tmr                             0x08001e38   Section        0  etharp.o(i.etharp_tmr)
    i.etharp_update_arp_entry                0x08001f18   Section        0  etharp.o(i.etharp_update_arp_entry)
    etharp_update_arp_entry                  0x08001f19   Thumb Code   216  etharp.o(i.etharp_update_arp_entry)
    i.ethernet_input                         0x08001ff4   Section        0  etharp.o(i.ethernet_input)
    i.ethernetif_init                        0x080020dc   Section        0  ethernetif.o(i.ethernetif_init)
    i.ethernetif_input                       0x08002128   Section        0  ethernetif.o(i.ethernetif_input)
    i.icmp_dest_unreach                      0x08002154   Section        0  icmp.o(i.icmp_dest_unreach)
    i.icmp_input                             0x08002168   Section        0  icmp.o(i.icmp_input)
    i.icmp_send_response                     0x0800238c   Section        0  icmp.o(i.icmp_send_response)
    icmp_send_response                       0x0800238d   Thumb Code   148  icmp.o(i.icmp_send_response)
    i.icmp_time_exceeded                     0x08002424   Section        0  icmp.o(i.icmp_time_exceeded)
    i.inet_chksum                            0x08002436   Section        0  inet_chksum.o(i.inet_chksum)
    i.inet_chksum_pbuf                       0x0800244a   Section        0  inet_chksum.o(i.inet_chksum_pbuf)
    i.inet_chksum_pseudo                     0x0800249c   Section        0  inet_chksum.o(i.inet_chksum_pseudo)
    i.inet_cksum_pseudo_base                 0x080024e8   Section        0  inet_chksum.o(i.inet_cksum_pseudo_base)
    inet_cksum_pseudo_base                   0x080024e9   Thumb Code   126  inet_chksum.o(i.inet_cksum_pseudo_base)
    i.ip4_addr_isbroadcast_u32               0x08002566   Section        0  ip4_addr.o(i.ip4_addr_isbroadcast_u32)
    i.ip4_frag                               0x080025b4   Section        0  ip_frag.o(i.ip4_frag)
    i.ip4_input                              0x08002774   Section        0  ip4.o(i.ip4_input)
    i.ip4_output_if                          0x080029b0   Section        0  ip4.o(i.ip4_output_if)
    i.ip4_output_if_src                      0x080029e8   Section        0  ip4.o(i.ip4_output_if_src)
    i.ip4_reass                              0x08002b28   Section        0  ip_frag.o(i.ip4_reass)
    i.ip4_route                              0x08002d14   Section        0  ip4.o(i.ip4_route)
    i.ip_chksum_pseudo                       0x08002db8   Section        0  inet_chksum.o(i.ip_chksum_pseudo)
    i.ip_frag_alloc_pbuf_custom_ref          0x08002ddc   Section        0  ip_frag.o(i.ip_frag_alloc_pbuf_custom_ref)
    ip_frag_alloc_pbuf_custom_ref            0x08002ddd   Thumb Code    12  ip_frag.o(i.ip_frag_alloc_pbuf_custom_ref)
    i.ip_frag_free_pbuf_custom_ref           0x08002dec   Section        0  ip_frag.o(i.ip_frag_free_pbuf_custom_ref)
    ip_frag_free_pbuf_custom_ref             0x08002ded   Thumb Code    22  ip_frag.o(i.ip_frag_free_pbuf_custom_ref)
    i.ip_reass_chain_frag_into_datagram_and_validate 0x08002e04   Section        0  ip_frag.o(i.ip_reass_chain_frag_into_datagram_and_validate)
    ip_reass_chain_frag_into_datagram_and_validate 0x08002e05   Thumb Code   410  ip_frag.o(i.ip_reass_chain_frag_into_datagram_and_validate)
    i.ip_reass_dequeue_datagram              0x08002fa4   Section        0  ip_frag.o(i.ip_reass_dequeue_datagram)
    ip_reass_dequeue_datagram                0x08002fa5   Thumb Code    44  ip_frag.o(i.ip_reass_dequeue_datagram)
    i.ip_reass_enqueue_new_datagram          0x08002fd4   Section        0  ip_frag.o(i.ip_reass_enqueue_new_datagram)
    ip_reass_enqueue_new_datagram            0x08002fd5   Thumb Code    96  ip_frag.o(i.ip_reass_enqueue_new_datagram)
    i.ip_reass_free_complete_datagram        0x08003040   Section        0  ip_frag.o(i.ip_reass_free_complete_datagram)
    ip_reass_free_complete_datagram          0x08003041   Thumb Code   212  ip_frag.o(i.ip_reass_free_complete_datagram)
    i.ip_reass_remove_oldest_datagram        0x08003118   Section        0  ip_frag.o(i.ip_reass_remove_oldest_datagram)
    ip_reass_remove_oldest_datagram          0x08003119   Thumb Code   130  ip_frag.o(i.ip_reass_remove_oldest_datagram)
    i.ipfrag_free_pbuf_custom                0x080031a0   Section        0  ip_frag.o(i.ipfrag_free_pbuf_custom)
    ipfrag_free_pbuf_custom                  0x080031a1   Thumb Code    46  ip_frag.o(i.ipfrag_free_pbuf_custom)
    i.low_level_init                         0x080031d0   Section        0  ethernetif.o(i.low_level_init)
    low_level_init                           0x080031d1   Thumb Code   118  ethernetif.o(i.low_level_init)
    i.low_level_input                        0x0800325c   Section        0  ethernetif.o(i.low_level_input)
    low_level_input                          0x0800325d   Thumb Code    66  ethernetif.o(i.low_level_input)
    i.low_level_output                       0x080032a8   Section        0  ethernetif.o(i.low_level_output)
    low_level_output                         0x080032a9   Thumb Code    52  ethernetif.o(i.low_level_output)
    i.lwip_htonl                             0x080032dc   Section        0  def.o(i.lwip_htonl)
    i.lwip_htons                             0x080032f6   Section        0  def.o(i.lwip_htons)
    i.lwip_ntohl                             0x08003302   Section        0  def.o(i.lwip_ntohl)
    i.lwip_ntohs                             0x0800330e   Section        0  def.o(i.lwip_ntohs)
    i.lwip_standard_chksum                   0x0800331a   Section        0  inet_chksum.o(i.lwip_standard_chksum)
    i.main                                   0x08003378   Section        0  main.o(i.main)
    i.mem_free                               0x08003390   Section        0  mem.o(i.mem_free)
    i.mem_init                               0x08003430   Section        0  mem.o(i.mem_init)
    i.mem_malloc                             0x08003494   Section        0  mem.o(i.mem_malloc)
    i.mem_trim                               0x08003614   Section        0  mem.o(i.mem_trim)
    i.netif_add                              0x0800379c   Section        0  netif.o(i.netif_add)
    i.netif_issue_reports                    0x08003814   Section        0  netif.o(i.netif_issue_reports)
    netif_issue_reports                      0x08003815   Thumb Code    36  netif.o(i.netif_issue_reports)
    i.netif_set_addr                         0x08003838   Section        0  netif.o(i.netif_set_addr)
    i.netif_set_default                      0x08003860   Section        0  netif.o(i.netif_set_default)
    i.netif_set_gw                           0x0800386c   Section        0  netif.o(i.netif_set_gw)
    i.netif_set_ipaddr                       0x08003878   Section        0  netif.o(i.netif_set_ipaddr)
    i.netif_set_netmask                      0x080038c4   Section        0  netif.o(i.netif_set_netmask)
    i.netif_set_up                           0x080038d0   Section        0  netif.o(i.netif_set_up)
    i.pbuf_alloc                             0x080038fc   Section        0  pbuf.o(i.pbuf_alloc)
    i.pbuf_alloced_custom                    0x08003acc   Section        0  pbuf.o(i.pbuf_alloced_custom)
    i.pbuf_cat                               0x08003b32   Section        0  pbuf.o(i.pbuf_cat)
    i.pbuf_clen                              0x08003b82   Section        0  pbuf.o(i.pbuf_clen)
    i.pbuf_copy                              0x08003b94   Section        0  pbuf.o(i.pbuf_copy)
    i.pbuf_copy_partial                      0x08003c78   Section        0  pbuf.o(i.pbuf_copy_partial)
    i.pbuf_free                              0x08003d12   Section        0  pbuf.o(i.pbuf_free)
    i.pbuf_header                            0x08003dc8   Section        0  pbuf.o(i.pbuf_header)
    i.pbuf_header_force                      0x08003dda   Section        0  pbuf.o(i.pbuf_header_force)
    i.pbuf_header_impl                       0x08003dec   Section        0  pbuf.o(i.pbuf_header_impl)
    pbuf_header_impl                         0x08003ded   Thumb Code   156  pbuf.o(i.pbuf_header_impl)
    i.pbuf_pool_is_empty                     0x08003e88   Section        0  pbuf.o(i.pbuf_pool_is_empty)
    pbuf_pool_is_empty                       0x08003e89   Thumb Code     8  pbuf.o(i.pbuf_pool_is_empty)
    i.pbuf_realloc                           0x08003e94   Section        0  pbuf.o(i.pbuf_realloc)
    i.pbuf_ref                               0x08003f4c   Section        0  pbuf.o(i.pbuf_ref)
    i.pbuf_split_64k                         0x08003f56   Section        0  pbuf.o(i.pbuf_split_64k)
    i.plug_holes                             0x08003fc8   Section        0  mem.o(i.plug_holes)
    plug_holes                               0x08003fc9   Thumb Code   168  mem.o(i.plug_holes)
    i.tcp_abandon                            0x0800407c   Section        0  tcp.o(i.tcp_abandon)
    i.tcp_abort                              0x08004198   Section        0  tcp.o(i.tcp_abort)
    i.tcp_alloc                              0x080041a8   Section        0  tcp.o(i.tcp_alloc)
    i.tcp_build_wnd_scale_option             0x080042c4   Section        0  tcp_out.o(i.tcp_build_wnd_scale_option)
    tcp_build_wnd_scale_option               0x080042c5   Thumb Code     6  tcp_out.o(i.tcp_build_wnd_scale_option)
    i.tcp_close                              0x080042d0   Section        0  tcp.o(i.tcp_close)
    i.tcp_close_shutdown                     0x080042ec   Section        0  tcp.o(i.tcp_close_shutdown)
    tcp_close_shutdown                       0x080042ed   Thumb Code   466  tcp.o(i.tcp_close_shutdown)
    i.tcp_create_segment                     0x080044dc   Section        0  tcp_out.o(i.tcp_create_segment)
    tcp_create_segment                       0x080044dd   Thumb Code   220  tcp_out.o(i.tcp_create_segment)
    i.tcp_eff_send_mss_impl                  0x080045c0   Section        0  tcp.o(i.tcp_eff_send_mss_impl)
    i.tcp_enqueue_flags                      0x080045fc   Section        0  tcp_out.o(i.tcp_enqueue_flags)
    i.tcp_fasttmr                            0x080047a0   Section        0  tcp.o(i.tcp_fasttmr)
    i.tcp_getoptbyte                         0x08004820   Section        0  tcp_in.o(i.tcp_getoptbyte)
    tcp_getoptbyte                           0x08004821   Thumb Code    70  tcp_in.o(i.tcp_getoptbyte)
    i.tcp_input                              0x08004878   Section        0  tcp_in.o(i.tcp_input)
    i.tcp_keepalive                          0x08004f2c   Section        0  tcp_out.o(i.tcp_keepalive)
    i.tcp_kill_prio                          0x08004fb0   Section        0  tcp.o(i.tcp_kill_prio)
    tcp_kill_prio                            0x08004fb1   Thumb Code    76  tcp.o(i.tcp_kill_prio)
    i.tcp_kill_state                         0x08005004   Section        0  tcp.o(i.tcp_kill_state)
    tcp_kill_state                           0x08005005   Thumb Code    80  tcp.o(i.tcp_kill_state)
    i.tcp_kill_timewait                      0x0800505c   Section        0  tcp.o(i.tcp_kill_timewait)
    tcp_kill_timewait                        0x0800505d   Thumb Code    50  tcp.o(i.tcp_kill_timewait)
    i.tcp_listen_input                       0x08005098   Section        0  tcp_in.o(i.tcp_listen_input)
    tcp_listen_input                         0x08005099   Thumb Code   280  tcp_in.o(i.tcp_listen_input)
    i.tcp_netif_ipv4_addr_changed            0x080051d4   Section        0  tcp.o(i.tcp_netif_ipv4_addr_changed)
    i.tcp_netif_ipv4_addr_changed_pcblist    0x08005228   Section        0  tcp.o(i.tcp_netif_ipv4_addr_changed_pcblist)
    tcp_netif_ipv4_addr_changed_pcblist      0x08005229   Thumb Code    42  tcp.o(i.tcp_netif_ipv4_addr_changed_pcblist)
    i.tcp_next_iss                           0x08005254   Section        0  tcp.o(i.tcp_next_iss)
    i.tcp_oos_insert_segment                 0x08005270   Section        0  tcp_in.o(i.tcp_oos_insert_segment)
    tcp_oos_insert_segment                   0x08005271   Thumb Code   138  tcp_in.o(i.tcp_oos_insert_segment)
    i.tcp_output                             0x08005300   Section        0  tcp_out.o(i.tcp_output)
    i.tcp_output_alloc_header                0x08005500   Section        0  tcp_out.o(i.tcp_output_alloc_header)
    tcp_output_alloc_header                  0x08005501   Thumb Code   166  tcp_out.o(i.tcp_output_alloc_header)
    i.tcp_output_segment                     0x080055a8   Section        0  tcp_out.o(i.tcp_output_segment)
    tcp_output_segment                       0x080055a9   Thumb Code   348  tcp_out.o(i.tcp_output_segment)
    i.tcp_parseopt                           0x0800570c   Section        0  tcp_in.o(i.tcp_parseopt)
    tcp_parseopt                             0x0800570d   Thumb Code   310  tcp_in.o(i.tcp_parseopt)
    i.tcp_pcb_purge                          0x08005850   Section        0  tcp.o(i.tcp_pcb_purge)
    i.tcp_pcb_remove                         0x080058a8   Section        0  tcp.o(i.tcp_pcb_remove)
    i.tcp_process                            0x0800595c   Section        0  tcp_in.o(i.tcp_process)
    tcp_process                              0x0800595d   Thumb Code  1450  tcp_in.o(i.tcp_process)
    i.tcp_process_refused_data               0x08005f24   Section        0  tcp.o(i.tcp_process_refused_data)
    i.tcp_receive                            0x08005ff0   Section        0  tcp_in.o(i.tcp_receive)
    tcp_receive                              0x08005ff1   Thumb Code  2768  tcp_in.o(i.tcp_receive)
    i.tcp_recv_null                          0x08006ad4   Section        0  tcp.o(i.tcp_recv_null)
    i.tcp_recved                             0x08006b02   Section        0  tcp.o(i.tcp_recved)
    i.tcp_rexmit                             0x08006b9c   Section        0  tcp_out.o(i.tcp_rexmit)
    i.tcp_rexmit_fast                        0x08006bfc   Section        0  tcp_out.o(i.tcp_rexmit_fast)
    i.tcp_rexmit_rto                         0x08006c50   Section        0  tcp_out.o(i.tcp_rexmit_rto)
    i.tcp_rst                                0x08006c98   Section        0  tcp_out.o(i.tcp_rst)
    i.tcp_seg_copy                           0x08006d50   Section        0  tcp.o(i.tcp_seg_copy)
    i.tcp_seg_free                           0x08006d7c   Section        0  tcp.o(i.tcp_seg_free)
    i.tcp_segs_free                          0x08006d94   Section        0  tcp.o(i.tcp_segs_free)
    i.tcp_send_empty_ack                     0x08006dac   Section        0  tcp_out.o(i.tcp_send_empty_ack)
    i.tcp_send_fin                           0x08006e3a   Section        0  tcp_out.o(i.tcp_send_fin)
    i.tcp_slowtmr                            0x08006e84   Section        0  tcp.o(i.tcp_slowtmr)
    i.tcp_timer_needed                       0x08007238   Section        0  timers.o(i.tcp_timer_needed)
    i.tcp_timewait_input                     0x0800723c   Section        0  tcp_in.o(i.tcp_timewait_input)
    tcp_timewait_input                       0x0800723d   Thumb Code   140  tcp_in.o(i.tcp_timewait_input)
    i.tcp_tmr                                0x080072e4   Section        0  tcp.o(i.tcp_tmr)
    i.tcp_trigger_input_pcb_close            0x08007308   Section        0  tcp_in.o(i.tcp_trigger_input_pcb_close)
    i.tcp_update_rcv_ann_wnd                 0x0800731c   Section        0  tcp.o(i.tcp_update_rcv_ann_wnd)
    i.tcp_zero_window_probe                  0x08007368   Section        0  tcp_out.o(i.tcp_zero_window_probe)
    i.udp_input                              0x08007454   Section        0  udp.o(i.udp_input)
    i.udp_netif_ipv4_addr_changed            0x08007684   Section        0  udp.o(i.udp_netif_ipv4_addr_changed)
    x$fpl$fpinit                             0x080076b4   Section       14  fpinit.o(x$fpl$fpinit)
    .constdata                               0x080076c2   Section       16  memp.o(.constdata)
    .constdata                               0x080076d4   Section       80  tcp.o(.constdata)
    .constdata                               0x08007724   Section        8  ip4_addr.o(.constdata)
    .constdata                               0x0800772c   Section       12  etharp.o(.constdata)
    .conststring                             0x08007738   Section      104  tcp.o(.conststring)
    .data                                    0x20000000   Section        8  main.o(.data)
    .data                                    0x20000008   Section       32  netconf.o(.data)
    IPaddress                                0x20000018   Data           4  netconf.o(.data)
    .data                                    0x20000028   Section       20  stm32f10x_rcc.o(.data)
    APBAHBPrescTable                         0x20000028   Data          16  stm32f10x_rcc.o(.data)
    ADCPrescTable                            0x20000038   Data           4  stm32f10x_rcc.o(.data)
    .data                                    0x2000003c   Section       16  stm32_eth.o(.data)
    .data                                    0x2000004c   Section       12  mem.o(.data)
    ram                                      0x2000004c   Data           4  mem.o(.data)
    ram_end                                  0x20000050   Data           4  mem.o(.data)
    lfree                                    0x20000054   Data           4  mem.o(.data)
    .data                                    0x20000058   Section        9  netif.o(.data)
    netif_num                                0x20000060   Data           1  netif.o(.data)
    .data                                    0x20000061   Section        1  pbuf.o(.data)
    .data                                    0x20000064   Section       35  tcp.o(.data)
    tcp_port                                 0x20000064   Data           2  tcp.o(.data)
    iss                                      0x20000068   Data           4  tcp.o(.data)
    tcp_timer                                0x20000085   Data           1  tcp.o(.data)
    tcp_timer_ctr                            0x20000086   Data           1  tcp.o(.data)
    .data                                    0x20000088   Section       40  tcp_in.o(.data)
    tcphdr                                   0x20000088   Data           4  tcp_in.o(.data)
    tcphdr_opt1len                           0x2000008c   Data           2  tcp_in.o(.data)
    tcphdr_opt2                              0x20000090   Data           4  tcp_in.o(.data)
    tcp_optidx                               0x20000094   Data           2  tcp_in.o(.data)
    seqno                                    0x20000098   Data           4  tcp_in.o(.data)
    ackno                                    0x2000009c   Data           4  tcp_in.o(.data)
    flags                                    0x200000a0   Data           1  tcp_in.o(.data)
    tcplen                                   0x200000a2   Data           2  tcp_in.o(.data)
    recv_flags                               0x200000a4   Data           1  tcp_in.o(.data)
    recv_data                                0x200000a8   Data           4  tcp_in.o(.data)
    .data                                    0x200000b0   Section        8  udp.o(.data)
    udp_port                                 0x200000b0   Data           2  udp.o(.data)
    .data                                    0x200000b8   Section        2  ip4.o(.data)
    ip_id                                    0x200000b8   Data           2  ip4.o(.data)
    .data                                    0x200000bc   Section        6  ip_frag.o(.data)
    reassdatagrams                           0x200000bc   Data           4  ip_frag.o(.data)
    ip_reass_pbufcount                       0x200000c0   Data           2  ip_frag.o(.data)
    .data                                    0x200000c2   Section        1  etharp.o(.data)
    etharp_cached_entry                      0x200000c2   Data           1  etharp.o(.data)
    .data                                    0x200000c4   Section       18  ethernetif.o(.data)
    .bss                                     0x200000d8   Section       48  netconf.o(.bss)
    .bss                                     0x20000108   Section     6157  mem.o(.bss)
    .bss                                     0x20001916   Section      178  stats.o(.bss)
    .bss                                     0x200019c8   Section       16  tcp_in.o(.bss)
    inseg                                    0x200019c8   Data          16  tcp_in.o(.bss)
    .bss                                     0x200019d8   Section       24  ip4.o(.bss)
    .bss                                     0x200019f0   Section      240  etharp.o(.bss)
    arp_table                                0x200019f0   Data         240  etharp.o(.bss)
    .bss                                     0x20001ae0   Section    10728  ethernetif.o(.bss)
    .bss                                     0x200044c8   Section       96  libspace.o(.bss)
    HEAP                                     0x20004528   Section      512  startup_stm32f10x_cl.o(HEAP)
    Heap_Mem                                 0x20004528   Data         512  startup_stm32f10x_cl.o(HEAP)
    STACK                                    0x20004728   Section     1024  startup_stm32f10x_cl.o(STACK)
    Stack_Mem                                0x20004728   Data        1024  startup_stm32f10x_cl.o(STACK)
    __initial_sp                             0x20004b28   Data           0  startup_stm32f10x_cl.o(STACK)

    Global Symbols

    Symbol Name                              Value     Ov Type        Size  Object(Section)

    BuildAttributes$$THM_ISAv4$P$D$K$B$S$PE$A:L22UL41UL21$X:L11$S22US41US21$IEEE1$IW$USESV6$~STKCKD$USESV7$~SHL$OSPACE$ROPI$EBA8$UX$STANDARDLIB$REQ8$PRES8$EABIv2 0x00000000   Number         0  anon$$obj.o ABSOLUTE
    __ARM_use_no_argv                        0x00000000   Number         0  main.o ABSOLUTE
    __ARM_exceptions_init                     - Undefined Weak Reference
    __alloca_initialize                       - Undefined Weak Reference
    __cpp_initialize__aeabi_                  - Undefined Weak Reference
    __cxa_finalize                            - Undefined Weak Reference
    __rt_locale                               - Undefined Weak Reference
    __sigvec_lookup                           - Undefined Weak Reference
    _atexit_init                              - Undefined Weak Reference
    _call_atexit_fns                          - Undefined Weak Reference
    _clock_init                               - Undefined Weak Reference
    _fp_trap_init                             - Undefined Weak Reference
    _fp_trap_shutdown                         - Undefined Weak Reference
    _get_lc_collate                           - Undefined Weak Reference
    _get_lc_ctype                             - Undefined Weak Reference
    _get_lc_monetary                          - Undefined Weak Reference
    _get_lc_numeric                           - Undefined Weak Reference
    _get_lc_time                              - Undefined Weak Reference
    _getenv_init                              - Undefined Weak Reference
    _handle_redirection                       - Undefined Weak Reference
    _init_alloc                               - Undefined Weak Reference
    _init_user_alloc                          - Undefined Weak Reference
    _initio                                   - Undefined Weak Reference
    _rand_init                                - Undefined Weak Reference
    _signal_finish                            - Undefined Weak Reference
    _signal_init                              - Undefined Weak Reference
    _terminate_alloc                          - Undefined Weak Reference
    _terminate_user_alloc                     - Undefined Weak Reference
    _terminateio                              - Undefined Weak Reference
    __Vectors_Size                           0x00000150   Number         0  startup_stm32f10x_cl.o ABSOLUTE
    __Vectors                                0x08000000   Data           4  startup_stm32f10x_cl.o(RESET)
    __Vectors_End                            0x08000150   Data           0  startup_stm32f10x_cl.o(RESET)
    __main                                   0x08000151   Thumb Code     8  __main.o(!!!main)
    __scatterload                            0x08000159   Thumb Code     0  __scatter.o(!!!scatter)
    __scatterload_rt2                        0x08000159   Thumb Code    44  __scatter.o(!!!scatter)
    __scatterload_rt2_thumb_only             0x08000159   Thumb Code     0  __scatter.o(!!!scatter)
    __scatterload_null                       0x08000167   Thumb Code     0  __scatter.o(!!!scatter)
    __scatterload_copy                       0x0800018d   Thumb Code    26  __scatter_copy.o(!!handler_copy)
    __scatterload_zeroinit                   0x080001a9   Thumb Code    28  __scatter_zi.o(!!handler_zi)
    __rt_lib_init                            0x080001c5   Thumb Code     0  libinit.o(.ARM.Collect$$libinit$$00000000)
    __rt_lib_init_alloca_1                   0x080001cb   Thumb Code     0  libinit2.o(.ARM.Collect$$libinit$$0000002A)
    __rt_lib_init_argv_1                     0x080001cb   Thumb Code     0  libinit2.o(.ARM.Collect$$libinit$$00000028)
    __rt_lib_init_atexit_1                   0x080001cb   Thumb Code     0  libinit2.o(.ARM.Collect$$libinit$$00000017)
    __rt_lib_init_clock_1                    0x080001cb   Thumb Code     0  libinit2.o(.ARM.Collect$$libinit$$0000001D)
    __rt_lib_init_cpp_1                      0x080001cb   Thumb Code     0  libinit2.o(.ARM.Collect$$libinit$$0000002E)
    __rt_lib_init_exceptions_1               0x080001cb   Thumb Code     0  libinit2.o(.ARM.Collect$$libinit$$0000002C)
    __rt_lib_init_fp_trap_1                  0x080001cb   Thumb Code     0  libinit2.o(.ARM.Collect$$libinit$$0000001B)
    __rt_lib_init_getenv_1                   0x080001cb   Thumb Code     0  libinit2.o(.ARM.Collect$$libinit$$0000001F)
    __rt_lib_init_heap_1                     0x080001cb   Thumb Code     0  libinit2.o(.ARM.Collect$$libinit$$00000006)
    __rt_lib_init_lc_collate_1               0x080001cb   Thumb Code     0  libinit2.o(.ARM.Collect$$libinit$$0000000D)
    __rt_lib_init_lc_ctype_1                 0x080001cb   Thumb Code     0  libinit2.o(.ARM.Collect$$libinit$$0000000F)
    __rt_lib_init_lc_monetary_1              0x080001cb   Thumb Code     0  libinit2.o(.ARM.Collect$$libinit$$00000011)
    __rt_lib_init_lc_numeric_1               0x080001cb   Thumb Code     0  libinit2.o(.ARM.Collect$$libinit$$00000013)
    __rt_lib_init_lc_time_1                  0x080001cb   Thumb Code     0  libinit2.o(.ARM.Collect$$libinit$$00000015)
    __rt_lib_init_rand_1                     0x080001cb   Thumb Code     0  libinit2.o(.ARM.Collect$$libinit$$0000000A)
    __rt_lib_init_return                     0x080001cb   Thumb Code     0  libinit2.o(.ARM.Collect$$libinit$$0000002F)
    __rt_lib_init_signal_1                   0x080001cb   Thumb Code     0  libinit2.o(.ARM.Collect$$libinit$$00000019)
    __rt_lib_init_stdio_1                    0x080001cb   Thumb Code     0  libinit2.o(.ARM.Collect$$libinit$$00000021)
    __rt_lib_init_user_alloc_1               0x080001cb   Thumb Code     0  libinit2.o(.ARM.Collect$$libinit$$00000008)
    __rt_lib_shutdown                        0x080001cd   Thumb Code     0  libshutdown.o(.ARM.Collect$$libshutdown$$00000000)
    __rt_lib_shutdown_fp_trap_1              0x080001cf   Thumb Code     0  libshutdown2.o(.ARM.Collect$$libshutdown$$00000006)
    __rt_lib_shutdown_heap_1                 0x080001cf   Thumb Code     0  libshutdown2.o(.ARM.Collect$$libshutdown$$0000000E)
    __rt_lib_shutdown_return                 0x080001cf   Thumb Code     0  libshutdown2.o(.ARM.Collect$$libshutdown$$0000000F)
    __rt_lib_shutdown_signal_1               0x080001cf   Thumb Code     0  libshutdown2.o(.ARM.Collect$$libshutdown$$00000009)
    __rt_lib_shutdown_stdio_1                0x080001cf   Thumb Code     0  libshutdown2.o(.ARM.Collect$$libshutdown$$00000003)
    __rt_lib_shutdown_user_alloc_1           0x080001cf   Thumb Code     0  libshutdown2.o(.ARM.Collect$$libshutdown$$0000000B)
    __rt_entry                               0x080001d1   Thumb Code     0  rtentry.o(.ARM.Collect$$rtentry$$00000000)
    __rt_entry_presh_1                       0x080001d1   Thumb Code     0  rtentry2.o(.ARM.Collect$$rtentry$$00000002)
    __rt_entry_sh                            0x080001d1   Thumb Code     0  rtentry4.o(.ARM.Collect$$rtentry$$00000004)
    __rt_entry_li                            0x080001d7   Thumb Code     0  rtentry2.o(.ARM.Collect$$rtentry$$0000000A)
    __rt_entry_postsh_1                      0x080001d7   Thumb Code     0  rtentry2.o(.ARM.Collect$$rtentry$$00000009)
    __rt_entry_main                          0x080001db   Thumb Code     0  rtentry2.o(.ARM.Collect$$rtentry$$0000000D)
    __rt_entry_postli_1                      0x080001db   Thumb Code     0  rtentry2.o(.ARM.Collect$$rtentry$$0000000C)
    __rt_exit                                0x080001e3   Thumb Code     0  rtexit.o(.ARM.Collect$$rtexit$$00000000)
    __rt_exit_ls                             0x080001e5   Thumb Code     0  rtexit2.o(.ARM.Collect$$rtexit$$00000003)
    __rt_exit_prels_1                        0x080001e5   Thumb Code     0  rtexit2.o(.ARM.Collect$$rtexit$$00000002)
    __rt_exit_exit                           0x080001e9   Thumb Code     0  rtexit2.o(.ARM.Collect$$rtexit$$00000004)
    Reset_Handler                            0x080001f1   Thumb Code     4  startup_stm32f10x_cl.o(.text)
    ADC1_2_IRQHandler                        0x08000207   Thumb Code     0  startup_stm32f10x_cl.o(.text)
    CAN1_RX0_IRQHandler                      0x08000207   Thumb Code     0  startup_stm32f10x_cl.o(.text)
    CAN1_RX1_IRQHandler                      0x08000207   Thumb Code     0  startup_stm32f10x_cl.o(.text)
    CAN1_SCE_IRQHandler                      0x08000207   Thumb Code     0  startup_stm32f10x_cl.o(.text)
    CAN1_TX_IRQHandler                       0x08000207   Thumb Code     0  startup_stm32f10x_cl.o(.text)
    CAN2_RX0_IRQHandler                      0x08000207   Thumb Code     0  startup_stm32f10x_cl.o(.text)
    CAN2_RX1_IRQHandler                      0x08000207   Thumb Code     0  startup_stm32f10x_cl.o(.text)
    CAN2_SCE_IRQHandler                      0x08000207   Thumb Code     0  startup_stm32f10x_cl.o(.text)
    CAN2_TX_IRQHandler                       0x08000207   Thumb Code     0  startup_stm32f10x_cl.o(.text)
    DMA1_Channel1_IRQHandler                 0x08000207   Thumb Code     0  startup_stm32f10x_cl.o(.text)
    DMA1_Channel2_IRQHandler                 0x08000207   Thumb Code     0  startup_stm32f10x_cl.o(.text)
    DMA1_Channel3_IRQHandler                 0x08000207   Thumb Code     0  startup_stm32f10x_cl.o(.text)
    DMA1_Channel4_IRQHandler                 0x08000207   Thumb Code     0  startup_stm32f10x_cl.o(.text)
    DMA1_Channel5_IRQHandler                 0x08000207   Thumb Code     0  startup_stm32f10x_cl.o(.text)
    DMA1_Channel6_IRQHandler                 0x08000207   Thumb Code     0  startup_stm32f10x_cl.o(.text)
    DMA1_Channel7_IRQHandler                 0x08000207   Thumb Code     0  startup_stm32f10x_cl.o(.text)
    DMA2_Channel1_IRQHandler                 0x08000207   Thumb Code     0  startup_stm32f10x_cl.o(.text)
    DMA2_Channel2_IRQHandler                 0x08000207   Thumb Code     0  startup_stm32f10x_cl.o(.text)
    DMA2_Channel3_IRQHandler                 0x08000207   Thumb Code     0  startup_stm32f10x_cl.o(.text)
    DMA2_Channel4_IRQHandler                 0x08000207   Thumb Code     0  startup_stm32f10x_cl.o(.text)
    DMA2_Channel5_IRQHandler                 0x08000207   Thumb Code     0  startup_stm32f10x_cl.o(.text)
    ETH_WKUP_IRQHandler                      0x08000207   Thumb Code     0  startup_stm32f10x_cl.o(.text)
    EXTI0_IRQHandler                         0x08000207   Thumb Code     0  startup_stm32f10x_cl.o(.text)
    EXTI15_10_IRQHandler                     0x08000207   Thumb Code     0  startup_stm32f10x_cl.o(.text)
    EXTI1_IRQHandler                         0x08000207   Thumb Code     0  startup_stm32f10x_cl.o(.text)
    EXTI2_IRQHandler                         0x08000207   Thumb Code     0  startup_stm32f10x_cl.o(.text)
    EXTI3_IRQHandler                         0x08000207   Thumb Code     0  startup_stm32f10x_cl.o(.text)
    EXTI4_IRQHandler                         0x08000207   Thumb Code     0  startup_stm32f10x_cl.o(.text)
    EXTI9_5_IRQHandler                       0x08000207   Thumb Code     0  startup_stm32f10x_cl.o(.text)
    FLASH_IRQHandler                         0x08000207   Thumb Code     0  startup_stm32f10x_cl.o(.text)
    I2C1_ER_IRQHandler                       0x08000207   Thumb Code     0  startup_stm32f10x_cl.o(.text)
    I2C1_EV_IRQHandler                       0x08000207   Thumb Code     0  startup_stm32f10x_cl.o(.text)
    I2C2_ER_IRQHandler                       0x08000207   Thumb Code     0  startup_stm32f10x_cl.o(.text)
    I2C2_EV_IRQHandler                       0x08000207   Thumb Code     0  startup_stm32f10x_cl.o(.text)
    OTG_FS_IRQHandler                        0x08000207   Thumb Code     0  startup_stm32f10x_cl.o(.text)
    OTG_FS_WKUP_IRQHandler                   0x08000207   Thumb Code     0  startup_stm32f10x_cl.o(.text)
    PVD_IRQHandler                           0x08000207   Thumb Code     0  startup_stm32f10x_cl.o(.text)
    RCC_IRQHandler                           0x08000207   Thumb Code     0  startup_stm32f10x_cl.o(.text)
    RTCAlarm_IRQHandler                      0x08000207   Thumb Code     0  startup_stm32f10x_cl.o(.text)
    RTC_IRQHandler                           0x08000207   Thumb Code     0  startup_stm32f10x_cl.o(.text)
    SPI1_IRQHandler                          0x08000207   Thumb Code     0  startup_stm32f10x_cl.o(.text)
    SPI2_IRQHandler                          0x08000207   Thumb Code     0  startup_stm32f10x_cl.o(.text)
    SPI3_IRQHandler                          0x08000207   Thumb Code     0  startup_stm32f10x_cl.o(.text)
    TAMPER_IRQHandler                        0x08000207   Thumb Code     0  startup_stm32f10x_cl.o(.text)
    TIM1_BRK_IRQHandler                      0x08000207   Thumb Code     0  startup_stm32f10x_cl.o(.text)
    TIM1_CC_IRQHandler                       0x08000207   Thumb Code     0  startup_stm32f10x_cl.o(.text)
    TIM1_TRG_COM_IRQHandler                  0x08000207   Thumb Code     0  startup_stm32f10x_cl.o(.text)
    TIM1_UP_IRQHandler                       0x08000207   Thumb Code     0  startup_stm32f10x_cl.o(.text)
    TIM2_IRQHandler                          0x08000207   Thumb Code     0  startup_stm32f10x_cl.o(.text)
    TIM3_IRQHandler                          0x08000207   Thumb Code     0  startup_stm32f10x_cl.o(.text)
    TIM4_IRQHandler                          0x08000207   Thumb Code     0  startup_stm32f10x_cl.o(.text)
    TIM5_IRQHandler                          0x08000207   Thumb Code     0  startup_stm32f10x_cl.o(.text)
    TIM6_IRQHandler                          0x08000207   Thumb Code     0  startup_stm32f10x_cl.o(.text)
    TIM7_IRQHandler                          0x08000207   Thumb Code     0  startup_stm32f10x_cl.o(.text)
    UART4_IRQHandler                         0x08000207   Thumb Code     0  startup_stm32f10x_cl.o(.text)
    UART5_IRQHandler                         0x08000207   Thumb Code     0  startup_stm32f10x_cl.o(.text)
    USART1_IRQHandler                        0x08000207   Thumb Code     0  startup_stm32f10x_cl.o(.text)
    USART2_IRQHandler                        0x08000207   Thumb Code     0  startup_stm32f10x_cl.o(.text)
    USART3_IRQHandler                        0x08000207   Thumb Code     0  startup_stm32f10x_cl.o(.text)
    WWDG_IRQHandler                          0x08000207   Thumb Code     0  startup_stm32f10x_cl.o(.text)
    __user_initial_stackheap                 0x08000209   Thumb Code     0  startup_stm32f10x_cl.o(.text)
    memcmp                                   0x08000229   Thumb Code    78  memcmp.o(.text)
    __aeabi_memcpy                           0x08000277   Thumb Code     0  rt_memcpy_v6.o(.text)
    __rt_memcpy                              0x08000277   Thumb Code   138  rt_memcpy_v6.o(.text)
    _memcpy_lastbytes                        0x080002dd   Thumb Code     0  rt_memcpy_v6.o(.text)
    __aeabi_memclr4                          0x08000301   Thumb Code     0  rt_memclr_w.o(.text)
    __aeabi_memclr8                          0x08000301   Thumb Code     0  rt_memclr_w.o(.text)
    __rt_memclr_w                            0x08000301   Thumb Code    78  rt_memclr_w.o(.text)
    _memset_w                                0x08000305   Thumb Code     0  rt_memclr_w.o(.text)
    __use_two_region_memory                  0x0800034f   Thumb Code     2  heapauxi.o(.text)
    __rt_heap_escrow$2region                 0x08000351   Thumb Code     2  heapauxi.o(.text)
    __rt_heap_expand$2region                 0x08000353   Thumb Code     2  heapauxi.o(.text)
    __aeabi_memcpy4                          0x08000355   Thumb Code     0  rt_memcpy_w.o(.text)
    __aeabi_memcpy8                          0x08000355   Thumb Code     0  rt_memcpy_w.o(.text)
    __rt_memcpy_w                            0x08000355   Thumb Code   100  rt_memcpy_w.o(.text)
    _memcpy_lastbytes_aligned                0x0800039d   Thumb Code     0  rt_memcpy_w.o(.text)
    __user_setup_stackheap                   0x080003b9   Thumb Code    74  sys_stackheap_outer.o(.text)
    exit                                     0x08000403   Thumb Code    12  exit.o(.text)
    __user_libspace                          0x08000411   Thumb Code     8  libspace.o(.text)
    __user_perproc_libspace                  0x08000411   Thumb Code     0  libspace.o(.text)
    __user_perthread_libspace                0x08000411   Thumb Code     0  libspace.o(.text)
    __rt_fp_status_addr                      0x08000419   Thumb Code    12  rt_fp_status_addr_intlibspace.o(.text)
    _sys_exit                                0x08000425   Thumb Code     8  sys_exit.o(.text)
    __I$use$semihosting                      0x08000431   Thumb Code     0  use_no_semi.o(.text)
    __use_no_semihosting_swi                 0x08000431   Thumb Code     2  use_no_semi.o(.text)
    BusFault_Handler                         0x08000433   Thumb Code     4  stm32f10x_it.o(i.BusFault_Handler)
    DebugMon_Handler                         0x08000437   Thumb Code     2  stm32f10x_it.o(i.DebugMon_Handler)
    ETH_DMAClearITPendingBit                 0x08000439   Thumb Code     6  stm32_eth.o(i.ETH_DMAClearITPendingBit)
    ETH_DMAITConfig                          0x08000445   Thumb Code    26  stm32_eth.o(i.ETH_DMAITConfig)
    ETH_DMAReceptionCmd                      0x08000465   Thumb Code    30  stm32_eth.o(i.ETH_DMAReceptionCmd)
    ETH_DMARxDescChainInit                   0x08000489   Thumb Code    76  stm32_eth.o(i.ETH_DMARxDescChainInit)
    ETH_DMARxDescReceiveITConfig             0x080004dd   Thumb Code    22  stm32_eth.o(i.ETH_DMARxDescReceiveITConfig)
    ETH_DMATransmissionCmd                   0x080004f5   Thumb Code    30  stm32_eth.o(i.ETH_DMATransmissionCmd)
    ETH_DMATxDescChainInit                   0x08000519   Thumb Code    70  stm32_eth.o(i.ETH_DMATxDescChainInit)
    ETH_DeInit                               0x08000569   Thumb Code    22  stm32_eth.o(i.ETH_DeInit)
    ETH_FlushTransmitFIFO                    0x0800058d   Thumb Code    14  stm32_eth.o(i.ETH_FlushTransmitFIFO)
    ETH_GetCurrentTxBuffer                   0x080005a1   Thumb Code     8  ethernetif.o(i.ETH_GetCurrentTxBuffer)
    ETH_GetDMARxDescFrameLength              0x080005ad   Thumb Code    10  stm32_eth.o(i.ETH_GetDMARxDescFrameLength)
    ETH_GetRxPktSize                         0x080005b9   Thumb Code    66  stm32_eth.o(i.ETH_GetRxPktSize)
    ETH_GetSoftwareResetStatus               0x08000601   Thumb Code    20  stm32_eth.o(i.ETH_GetSoftwareResetStatus)
    ETH_IRQHandler                           0x08000619   Thumb Code    32  stm32f10x_it.o(i.ETH_IRQHandler)
    ETH_Init                                 0x08000639   Thumb Code   552  stm32_eth.o(i.ETH_Init)
    ETH_MACAddressConfig                     0x08000885   Thumb Code    46  stm32_eth.o(i.ETH_MACAddressConfig)
    ETH_MACReceptionCmd                      0x080008b9   Thumb Code    30  stm32_eth.o(i.ETH_MACReceptionCmd)
    ETH_MACTransmissionCmd                   0x080008dd   Thumb Code    30  stm32_eth.o(i.ETH_MACTransmissionCmd)
    ETH_ReadPHYRegister                      0x08000901   Thumb Code    88  stm32_eth.o(i.ETH_ReadPHYRegister)
    ETH_Recive_Poll                          0x08000961   Thumb Code    24  ethernetif.o(i.ETH_Recive_Poll)
    ETH_RxPkt_ChainMode                      0x0800097d   Thumb Code   148  ethernetif.o(i.ETH_RxPkt_ChainMode)
    ETH_SoftwareReset                        0x08000a19   Thumb Code    14  stm32_eth.o(i.ETH_SoftwareReset)
    ETH_Start                                0x08000a2d   Thumb Code    32  stm32_eth.o(i.ETH_Start)
    ETH_StructInit                           0x08000a4d   Thumb Code   164  stm32_eth.o(i.ETH_StructInit)
    ETH_TxPkt_ChainMode                      0x08000af1   Thumb Code   152  ethernetif.o(i.ETH_TxPkt_ChainMode)
    ETH_WritePHYRegister                     0x08000ba5   Thumb Code    88  stm32_eth.o(i.ETH_WritePHYRegister)
    Ethernet_Configuration                   0x08000c05   Thumb Code   130  stm32f107.o(i.Ethernet_Configuration)
    GPIO_Configuration                       0x08000c8d   Thumb Code   250  stm32f107.o(i.GPIO_Configuration)
    GPIO_ETH_MediaInterfaceConfig            0x08000d99   Thumb Code     6  stm32f10x_gpio.o(i.GPIO_ETH_MediaInterfaceConfig)
    GPIO_Init                                0x08000da5   Thumb Code   274  stm32f10x_gpio.o(i.GPIO_Init)
    GPIO_PinRemapConfig                      0x08000eb9   Thumb Code   106  stm32f10x_gpio.o(i.GPIO_PinRemapConfig)
    HardFault_Handler                        0x08000f29   Thumb Code     4  stm32f10x_it.o(i.HardFault_Handler)
    LwIP_Init                                0x08000f2d   Thumb Code    66  netconf.o(i.LwIP_Init)
    LwIP_Periodic_Handle                     0x08000f89   Thumb Code    50  netconf.o(i.LwIP_Periodic_Handle)
    LwIP_Pkt_Handle                          0x08000fc5   Thumb Code    10  netconf.o(i.LwIP_Pkt_Handle)
    MemManage_Handler                        0x08000fd5   Thumb Code     4  stm32f10x_it.o(i.MemManage_Handler)
    NMI_Handler                              0x08000fd9   Thumb Code     2  stm32f10x_it.o(i.NMI_Handler)
    NVIC_Configuration                       0x08000fdb   Thumb Code    52  stm32f107.o(i.NVIC_Configuration)
    NVIC_Init                                0x08001011   Thumb Code   118  misc.o(i.NVIC_Init)
    NVIC_PriorityGroupConfig                 0x08001095   Thumb Code    10  misc.o(i.NVIC_PriorityGroupConfig)
    NVIC_SetVectorTable                      0x080010d1   Thumb Code    12  misc.o(i.NVIC_SetVectorTable)
    PendSV_Handler                           0x080010e5   Thumb Code     2  stm32f10x_it.o(i.PendSV_Handler)
    RCC_AHBPeriphClockCmd                    0x080010e9   Thumb Code    26  stm32f10x_rcc.o(i.RCC_AHBPeriphClockCmd)
    RCC_AHBPeriphResetCmd                    0x08001109   Thumb Code    26  stm32f10x_rcc.o(i.RCC_AHBPeriphResetCmd)
    RCC_APB1PeriphClockCmd                   0x08001129   Thumb Code    26  stm32f10x_rcc.o(i.RCC_APB1PeriphClockCmd)
    RCC_APB2PeriphClockCmd                   0x08001149   Thumb Code    26  stm32f10x_rcc.o(i.RCC_APB2PeriphClockCmd)
    RCC_GetClocksFreq                        0x08001169   Thumb Code   374  stm32f10x_rcc.o(i.RCC_GetClocksFreq)
    RCC_MCOConfig                            0x080012f9   Thumb Code     6  stm32f10x_rcc.o(i.RCC_MCOConfig)
    Read_Eth_Packet                          0x08001305   Thumb Code    64  ethernetif.o(i.Read_Eth_Packet)
    SVC_Handler                              0x08001351   Thumb Code     2  stm32f10x_it.o(i.SVC_Handler)
    Set_MAC_Address                          0x08001475   Thumb Code    40  ethernetif.o(i.Set_MAC_Address)
    SysTick_Handler                          0x080014a1   Thumb Code     8  stm32f10x_it.o(i.SysTick_Handler)
    SystemInit                               0x080014a9   Thumb Code    84  system_stm32f10x.o(i.SystemInit)
    System_Setup                             0x08001509   Thumb Code   118  stm32f107.o(i.System_Setup)
    Time_Update                              0x08001581   Thumb Code    12  main.o(i.Time_Update)
    UsageFault_Handler                       0x08001591   Thumb Code     4  stm32f10x_it.o(i.UsageFault_Handler)
    etharp_output                            0x080018d1   Thumb Code   348  etharp.o(i.etharp_output)
    etharp_query                             0x08001b01   Thumb Code   438  etharp.o(i.etharp_query)
    etharp_request                           0x08001db1   Thumb Code    18  etharp.o(i.etharp_request)
    etharp_tmr                               0x08001e39   Thumb Code   218  etharp.o(i.etharp_tmr)
    ethernet_input                           0x08001ff5   Thumb Code   224  etharp.o(i.ethernet_input)
    ethernetif_init                          0x080020dd   Thumb Code    68  ethernetif.o(i.ethernetif_init)
    ethernetif_input                         0x08002129   Thumb Code    44  ethernetif.o(i.ethernetif_input)
    icmp_dest_unreach                        0x08002155   Thumb Code    18  icmp.o(i.icmp_dest_unreach)
    icmp_input                               0x08002169   Thumb Code   540  icmp.o(i.icmp_input)
    icmp_time_exceeded                       0x08002425   Thumb Code    18  icmp.o(i.icmp_time_exceeded)
    inet_chksum                              0x08002437   Thumb Code    20  inet_chksum.o(i.inet_chksum)
    inet_chksum_pbuf                         0x0800244b   Thumb Code    82  inet_chksum.o(i.inet_chksum_pbuf)
    inet_chksum_pseudo                       0x0800249d   Thumb Code    76  inet_chksum.o(i.inet_chksum_pseudo)
    ip4_addr_isbroadcast_u32                 0x08002567   Thumb Code    78  ip4_addr.o(i.ip4_addr_isbroadcast_u32)
    ip4_frag                                 0x080025b5   Thumb Code   440  ip_frag.o(i.ip4_frag)
    ip4_input                                0x08002775   Thumb Code   560  ip4.o(i.ip4_input)
    ip4_output_if                            0x080029b1   Thumb Code    54  ip4.o(i.ip4_output_if)
    ip4_output_if_src                        0x080029e9   Thumb Code   308  ip4.o(i.ip4_output_if_src)
    ip4_reass                                0x08002b29   Thumb Code   480  ip_frag.o(i.ip4_reass)
    ip4_route                                0x08002d15   Thumb Code   150  ip4.o(i.ip4_route)
    ip_chksum_pseudo                         0x08002db9   Thumb Code    36  inet_chksum.o(i.ip_chksum_pseudo)
    lwip_htonl                               0x080032dd   Thumb Code    26  def.o(i.lwip_htonl)
    lwip_htons                               0x080032f7   Thumb Code    12  def.o(i.lwip_htons)
    lwip_ntohl                               0x08003303   Thumb Code    12  def.o(i.lwip_ntohl)
    lwip_ntohs                               0x0800330f   Thumb Code    12  def.o(i.lwip_ntohs)
    lwip_standard_chksum                     0x0800331b   Thumb Code    94  inet_chksum.o(i.lwip_standard_chksum)
    main                                     0x08003379   Thumb Code    20  main.o(i.main)
    mem_free                                 0x08003391   Thumb Code   144  mem.o(i.mem_free)
    mem_init                                 0x08003431   Thumb Code    80  mem.o(i.mem_init)
    mem_malloc                               0x08003495   Thumb Code   366  mem.o(i.mem_malloc)
    mem_trim                                 0x08003615   Thumb Code   376  mem.o(i.mem_trim)
    netif_add                                0x0800379d   Thumb Code   112  netif.o(i.netif_add)
    netif_set_addr                           0x08003839   Thumb Code    40  netif.o(i.netif_set_addr)
    netif_set_default                        0x08003861   Thumb Code     6  netif.o(i.netif_set_default)
    netif_set_gw                             0x0800386d   Thumb Code    12  netif.o(i.netif_set_gw)
    netif_set_ipaddr                         0x08003879   Thumb Code    72  netif.o(i.netif_set_ipaddr)
    netif_set_netmask                        0x080038c5   Thumb Code    12  netif.o(i.netif_set_netmask)
    netif_set_up                             0x080038d1   Thumb Code    44  netif.o(i.netif_set_up)
    pbuf_alloc                               0x080038fd   Thumb Code   460  pbuf.o(i.pbuf_alloc)
    pbuf_alloced_custom                      0x08003acd   Thumb Code   102  pbuf.o(i.pbuf_alloced_custom)
    pbuf_cat                                 0x08003b33   Thumb Code    80  pbuf.o(i.pbuf_cat)
    pbuf_clen                                0x08003b83   Thumb Code    18  pbuf.o(i.pbuf_clen)
    pbuf_copy                                0x08003b95   Thumb Code   228  pbuf.o(i.pbuf_copy)
    pbuf_copy_partial                        0x08003c79   Thumb Code   154  pbuf.o(i.pbuf_copy_partial)
    pbuf_free                                0x08003d13   Thumb Code   182  pbuf.o(i.pbuf_free)
    pbuf_header                              0x08003dc9   Thumb Code    18  pbuf.o(i.pbuf_header)
    pbuf_header_force                        0x08003ddb   Thumb Code    18  pbuf.o(i.pbuf_header_force)
    pbuf_realloc                             0x08003e95   Thumb Code   184  pbuf.o(i.pbuf_realloc)
    pbuf_ref                                 0x08003f4d   Thumb Code    10  pbuf.o(i.pbuf_ref)
    pbuf_split_64k                           0x08003f57   Thumb Code   112  pbuf.o(i.pbuf_split_64k)
    tcp_abandon                              0x0800407d   Thumb Code   262  tcp.o(i.tcp_abandon)
    tcp_abort                                0x08004199   Thumb Code    14  tcp.o(i.tcp_abort)
    tcp_alloc                                0x080041a9   Thumb Code   260  tcp.o(i.tcp_alloc)
    tcp_close                                0x080042d1   Thumb Code    28  tcp.o(i.tcp_close)
    tcp_eff_send_mss_impl                    0x080045c1   Thumb Code    58  tcp.o(i.tcp_eff_send_mss_impl)
    tcp_enqueue_flags                        0x080045fd   Thumb Code   416  tcp_out.o(i.tcp_enqueue_flags)
    tcp_fasttmr                              0x080047a1   Thumb Code   114  tcp.o(i.tcp_fasttmr)
    tcp_input                                0x08004879   Thumb Code  1672  tcp_in.o(i.tcp_input)
    tcp_keepalive                            0x08004f2d   Thumb Code   126  tcp_out.o(i.tcp_keepalive)
    tcp_netif_ipv4_addr_changed              0x080051d5   Thumb Code    70  tcp.o(i.tcp_netif_ipv4_addr_changed)
    tcp_next_iss                             0x08005255   Thumb Code    20  tcp.o(i.tcp_next_iss)
    tcp_output                               0x08005301   Thumb Code   506  tcp_out.o(i.tcp_output)
    tcp_pcb_purge                            0x08005851   Thumb Code    86  tcp.o(i.tcp_pcb_purge)
    tcp_pcb_remove                           0x080058a9   Thumb Code   174  tcp.o(i.tcp_pcb_remove)
    tcp_process_refused_data                 0x08005f25   Thumb Code   204  tcp.o(i.tcp_process_refused_data)
    tcp_recv_null                            0x08006ad5   Thumb Code    46  tcp.o(i.tcp_recv_null)
    tcp_recved                               0x08006b03   Thumb Code   154  tcp.o(i.tcp_recved)
    tcp_rexmit                               0x08006b9d   Thumb Code    96  tcp_out.o(i.tcp_rexmit)
    tcp_rexmit_fast                          0x08006bfd   Thumb Code    84  tcp_out.o(i.tcp_rexmit_fast)
    tcp_rexmit_rto                           0x08006c51   Thumb Code    70  tcp_out.o(i.tcp_rexmit_rto)
    tcp_rst                                  0x08006c99   Thumb Code   180  tcp_out.o(i.tcp_rst)
    tcp_seg_copy                             0x08006d51   Thumb Code    38  tcp.o(i.tcp_seg_copy)
    tcp_seg_free                             0x08006d7d   Thumb Code    24  tcp.o(i.tcp_seg_free)
    tcp_segs_free                            0x08006d95   Thumb Code    24  tcp.o(i.tcp_segs_free)
    tcp_send_empty_ack                       0x08006dad   Thumb Code   142  tcp_out.o(i.tcp_send_empty_ack)
    tcp_send_fin                             0x08006e3b   Thumb Code    74  tcp_out.o(i.tcp_send_fin)
    tcp_slowtmr                              0x08006e85   Thumb Code   920  tcp.o(i.tcp_slowtmr)
    tcp_timer_needed                         0x08007239   Thumb Code     2  timers.o(i.tcp_timer_needed)
    tcp_tmr                                  0x080072e5   Thumb Code    30  tcp.o(i.tcp_tmr)
    tcp_trigger_input_pcb_close              0x08007309   Thumb Code    14  tcp_in.o(i.tcp_trigger_input_pcb_close)
    tcp_update_rcv_ann_wnd                   0x0800731d   Thumb Code    74  tcp.o(i.tcp_update_rcv_ann_wnd)
    tcp_zero_window_probe                    0x08007369   Thumb Code   230  tcp_out.o(i.tcp_zero_window_probe)
    udp_input                                0x08007455   Thumb Code   548  udp.o(i.udp_input)
    udp_netif_ipv4_addr_changed              0x08007685   Thumb Code    42  udp.o(i.udp_netif_ipv4_addr_changed)
    _fp_init                                 0x080076b5   Thumb Code    14  fpinit.o(x$fpl$fpinit)
    __fplib_config_pureend_doubles           0x080076c1   Thumb Code     0  fpinit.o(x$fpl$fpinit)
    memp_sizes                               0x080076c2   Data          16  memp.o(.constdata)
    tcp_state_str                            0x080076d4   Data          44  tcp.o(.constdata)
    tcp_backoff                              0x08007700   Data          13  tcp.o(.constdata)
    tcp_persist_backoff                      0x0800770d   Data           7  tcp.o(.constdata)
    tcp_pcb_lists                            0x08007714   Data          16  tcp.o(.constdata)
    ip_addr_any                              0x08007724   Data           4  ip4_addr.o(.constdata)
    ip_addr_broadcast                        0x08007728   Data           4  ip4_addr.o(.constdata)
    ethbroadcast                             0x0800772c   Data           6  etharp.o(.constdata)
    ethzero                                  0x08007732   Data           6  etharp.o(.constdata)
    Region$$Table$$Base                      0x080077a0   Number         0  anon$$obj.o(Region$$Table)
    Region$$Table$$Limit                     0x080077c0   Number         0  anon$$obj.o(Region$$Table)
    LocalTime                                0x20000000   Data           4  main.o(.data)
    timingdelay                              0x20000004   Data           4  main.o(.data)
    TCPTimer                                 0x20000008   Data           4  netconf.o(.data)
    ARPTimer                                 0x2000000c   Data           4  netconf.o(.data)
    DHCPfineTimer                            0x20000010   Data           4  netconf.o(.data)
    DHCPcoarseTimer                          0x20000014   Data           4  netconf.o(.data)
    DisplayTimer                             0x2000001c   Data           4  netconf.o(.data)
    LedToggle                                0x20000020   Data           1  netconf.o(.data)
    Server                                   0x20000021   Data           1  netconf.o(.data)
    macaddress                               0x20000022   Data           6  netconf.o(.data)
    DMATxDescToSet                           0x2000003c   Data           4  stm32_eth.o(.data)
    DMARxDescToGet                           0x20000040   Data           4  stm32_eth.o(.data)
    DMAPTPTxDescToSet                        0x20000044   Data           4  stm32_eth.o(.data)
    DMAPTPRxDescToGet                        0x20000048   Data           4  stm32_eth.o(.data)
    netif_list                               0x20000058   Data           4  netif.o(.data)
    netif_default                            0x2000005c   Data           4  netif.o(.data)
    pbuf_free_ooseq_pending                  0x20000061   Data           1  pbuf.o(.data)
    tcp_ticks                                0x2000006c   Data           4  tcp.o(.data)
    tcp_bound_pcbs                           0x20000070   Data           4  tcp.o(.data)
    tcp_listen_pcbs                          0x20000074   Data           4  tcp.o(.data)
    tcp_active_pcbs                          0x20000078   Data           4  tcp.o(.data)
    tcp_tw_pcbs                              0x2000007c   Data           4  tcp.o(.data)
    tcp_tmp_pcb                              0x20000080   Data           4  tcp.o(.data)
    tcp_active_pcbs_changed                  0x20000084   Data           1  tcp.o(.data)
    tcp_input_pcb                            0x200000ac   Data           4  tcp_in.o(.data)
    udp_pcbs                                 0x200000b4   Data           4  udp.o(.data)
    DMATxDesc                                0x200000c4   Data           4  ethernetif.o(.data)
    tcp_end_time                             0x200000c8   Data           4  ethernetif.o(.data)
    arp_end_time                             0x200000cc   Data           4  ethernetif.o(.data)
    MACaddr                                  0x200000d0   Data           6  ethernetif.o(.data)
    netif                                    0x200000d8   Data          48  netconf.o(.bss)
    ram_heap                                 0x20000108   Data        6157  mem.o(.bss)
    lwip_stats                               0x20001916   Data         178  stats.o(.bss)
    ip_data                                  0x200019d8   Data          24  ip4.o(.bss)
    DMARxDscrTab                             0x20001ae0   Data          64  ethernetif.o(.bss)
    DMATxDscrTab                             0x20001b20   Data          32  ethernetif.o(.bss)
    Rx_Buff                                  0x20001b40   Data        6080  ethernetif.o(.bss)
    Tx_Buff                                  0x20003300   Data        3040  ethernetif.o(.bss)
    Eth_Buff                                 0x20003ee0   Data        1500  ethernetif.o(.bss)
    frame                                    0x200044bc   Data          12  ethernetif.o(.bss)
    __libspace_start                         0x200044c8   Data          96  libspace.o(.bss)
    __temporary_stack_top$libspace           0x20004528   Data           0  libspace.o(.bss)



==============================================================================

Memory Map of the image

  Image Entry point : 0x08000151

  Load Region LR_IROM1 (Base: 0x08000000, Size: 0x00007898, Max: 0x00040000, ABSOLUTE)

    Execution Region ER_IROM1 (Base: 0x08000000, Size: 0x000077c0, Max: 0x00040000, ABSOLUTE)

    Base Addr    Size         Type   Attr      Idx    E Section Name        Object

    0x08000000   0x00000150   Data   RO         5526    RESET               startup_stm32f10x_cl.o
    0x08000150   0x00000008   Code   RO         5545  * !!!main             c_w.l(__main.o)(c_w.l)
    0x08000158   0x00000034   Code   RO         5709    !!!scatter          c_w.l(__scatter.o)(c_w.l)
    0x0800018c   0x0000001a   Code   RO         5711    !!handler_copy      c_w.l(__scatter_copy.o)(c_w.l)
    0x080001a6   0x00000002   PAD
    0x080001a8   0x0000001c   Code   RO         5713    !!handler_zi        c_w.l(__scatter_zi.o)(c_w.l)
    0x080001c4   0x00000006   Code   RO         5579    .ARM.Collect$$libinit$$00000000  c_w.l(libinit.o)(c_w.l)
    0x080001ca   0x00000000   Code   RO         5587    .ARM.Collect$$libinit$$00000006  c_w.l(libinit2.o)(c_w.l)
    0x080001ca   0x00000000   Code   RO         5589    .ARM.Collect$$libinit$$00000008  c_w.l(libinit2.o)(c_w.l)
    0x080001ca   0x00000000   Code   RO         5591    .ARM.Collect$$libinit$$0000000A  c_w.l(libinit2.o)(c_w.l)
    0x080001ca   0x00000000   Code   RO         5594    .ARM.Collect$$libinit$$0000000D  c_w.l(libinit2.o)(c_w.l)
    0x080001ca   0x00000000   Code   RO         5596    .ARM.Collect$$libinit$$0000000F  c_w.l(libinit2.o)(c_w.l)
    0x080001ca   0x00000000   Code   RO         5598    .ARM.Collect$$libinit$$00000011  c_w.l(libinit2.o)(c_w.l)
    0x080001ca   0x00000000   Code   RO         5600    .ARM.Collect$$libinit$$00000013  c_w.l(libinit2.o)(c_w.l)
    0x080001ca   0x00000000   Code   RO         5602    .ARM.Collect$$libinit$$00000015  c_w.l(libinit2.o)(c_w.l)
    0x080001ca   0x00000000   Code   RO         5604    .ARM.Collect$$libinit$$00000017  c_w.l(libinit2.o)(c_w.l)
    0x080001ca   0x00000000   Code   RO         5606    .ARM.Collect$$libinit$$00000019  c_w.l(libinit2.o)(c_w.l)
    0x080001ca   0x00000000   Code   RO         5608    .ARM.Collect$$libinit$$0000001B  c_w.l(libinit2.o)(c_w.l)
    0x080001ca   0x00000000   Code   RO         5610    .ARM.Collect$$libinit$$0000001D  c_w.l(libinit2.o)(c_w.l)
    0x080001ca   0x00000000   Code   RO         5612    .ARM.Collect$$libinit$$0000001F  c_w.l(libinit2.o)(c_w.l)
    0x080001ca   0x00000000   Code   RO         5614    .ARM.Collect$$libinit$$00000021  c_w.l(libinit2.o)(c_w.l)
    0x080001ca   0x00000000   Code   RO         5618    .ARM.Collect$$libinit$$00000028  c_w.l(libinit2.o)(c_w.l)
    0x080001ca   0x00000000   Code   RO         5620    .ARM.Collect$$libinit$$0000002A  c_w.l(libinit2.o)(c_w.l)
    0x080001ca   0x00000000   Code   RO         5622    .ARM.Collect$$libinit$$0000002C  c_w.l(libinit2.o)(c_w.l)
    0x080001ca   0x00000000   Code   RO         5624    .ARM.Collect$$libinit$$0000002E  c_w.l(libinit2.o)(c_w.l)
    0x080001ca   0x00000002   Code   RO         5625    .ARM.Collect$$libinit$$0000002F  c_w.l(libinit2.o)(c_w.l)
    0x080001cc   0x00000002   Code   RO         5651    .ARM.Collect$$libshutdown$$00000000  c_w.l(libshutdown.o)(c_w.l)
    0x080001ce   0x00000000   Code   RO         5664    .ARM.Collect$$libshutdown$$00000003  c_w.l(libshutdown2.o)(c_w.l)
    0x080001ce   0x00000000   Code   RO         5667    .ARM.Collect$$libshutdown$$00000006  c_w.l(libshutdown2.o)(c_w.l)
    0x080001ce   0x00000000   Code   RO         5670    .ARM.Collect$$libshutdown$$00000009  c_w.l(libshutdown2.o)(c_w.l)
    0x080001ce   0x00000000   Code   RO         5672    .ARM.Collect$$libshutdown$$0000000B  c_w.l(libshutdown2.o)(c_w.l)
    0x080001ce   0x00000000   Code   RO         5675    .ARM.Collect$$libshutdown$$0000000E  c_w.l(libshutdown2.o)(c_w.l)
    0x080001ce   0x00000002   Code   RO         5676    .ARM.Collect$$libshutdown$$0000000F  c_w.l(libshutdown2.o)(c_w.l)
    0x080001d0   0x00000000   Code   RO         5547    .ARM.Collect$$rtentry$$00000000  c_w.l(rtentry.o)(c_w.l)
    0x080001d0   0x00000000   Code   RO         5552    .ARM.Collect$$rtentry$$00000002  c_w.l(rtentry2.o)(c_w.l)
    0x080001d0   0x00000006   Code   RO         5567    .ARM.Collect$$rtentry$$00000004  c_w.l(rtentry4.o)(c_w.l)
    0x080001d6   0x00000000   Code   RO         5554    .ARM.Collect$$rtentry$$00000009  c_w.l(rtentry2.o)(c_w.l)
    0x080001d6   0x00000004   Code   RO         5555    .ARM.Collect$$rtentry$$0000000A  c_w.l(rtentry2.o)(c_w.l)
    0x080001da   0x00000000   Code   RO         5557    .ARM.Collect$$rtentry$$0000000C  c_w.l(rtentry2.o)(c_w.l)
    0x080001da   0x00000008   Code   RO         5558    .ARM.Collect$$rtentry$$0000000D  c_w.l(rtentry2.o)(c_w.l)
    0x080001e2   0x00000002   Code   RO         5583    .ARM.Collect$$rtexit$$00000000  c_w.l(rtexit.o)(c_w.l)
    0x080001e4   0x00000000   Code   RO         5629    .ARM.Collect$$rtexit$$00000002  c_w.l(rtexit2.o)(c_w.l)
    0x080001e4   0x00000004   Code   RO         5630    .ARM.Collect$$rtexit$$00000003  c_w.l(rtexit2.o)(c_w.l)
    0x080001e8   0x00000006   Code   RO         5631    .ARM.Collect$$rtexit$$00000004  c_w.l(rtexit2.o)(c_w.l)
    0x080001ee   0x00000002   PAD
    0x080001f0   0x00000038   Code   RO         5527    .text               startup_stm32f10x_cl.o
    0x08000228   0x0000004e   Code   RO         5533    .text               c_w.l(memcmp.o)(c_w.l)
    0x08000276   0x0000008a   Code   RO         5537    .text               c_w.l(rt_memcpy_v6.o)(c_w.l)
    0x08000300   0x0000004e   Code   RO         5541    .text               c_w.l(rt_memclr_w.o)(c_w.l)
    0x0800034e   0x00000006   Code   RO         5543    .text               c_w.l(heapauxi.o)(c_w.l)
    0x08000354   0x00000064   Code   RO         5549    .text               c_w.l(rt_memcpy_w.o)(c_w.l)
    0x080003b8   0x0000004a   Code   RO         5569    .text               c_w.l(sys_stackheap_outer.o)(c_w.l)
    0x08000402   0x0000000c   Code   RO         5571    .text               c_w.l(exit.o)(c_w.l)
    0x0800040e   0x00000002   PAD
    0x08000410   0x00000008   Code   RO         5580    .text               c_w.l(libspace.o)(c_w.l)
    0x08000418   0x0000000c   Code   RO         5639    .text               c_w.l(rt_fp_status_addr_intlibspace.o)(c_w.l)
    0x08000424   0x0000000c   Code   RO         5643    .text               c_w.l(sys_exit.o)(c_w.l)
    0x08000430   0x00000002   Code   RO         5654    .text               c_w.l(use_no_semi.o)(c_w.l)
    0x08000432   0x00000004   Code   RO           88    i.BusFault_Handler  stm32f10x_it.o
    0x08000436   0x00000002   Code   RO           89    i.DebugMon_Handler  stm32f10x_it.o
    0x08000438   0x0000000c   Code   RO         3209    i.ETH_DMAClearITPendingBit  stm32_eth.o
    0x08000444   0x00000020   Code   RO         3210    i.ETH_DMAITConfig   stm32_eth.o
    0x08000464   0x00000024   Code   RO         3213    i.ETH_DMAReceptionCmd  stm32_eth.o
    0x08000488   0x00000054   Code   RO         3214    i.ETH_DMARxDescChainInit  stm32_eth.o
    0x080004dc   0x00000016   Code   RO         3216    i.ETH_DMARxDescReceiveITConfig  stm32_eth.o
    0x080004f2   0x00000002   PAD
    0x080004f4   0x00000024   Code   RO         3219    i.ETH_DMATransmissionCmd  stm32_eth.o
    0x08000518   0x00000050   Code   RO         3222    i.ETH_DMATxDescChainInit  stm32_eth.o
    0x08000568   0x00000016   Code   RO         3231    i.ETH_DeInit        stm32_eth.o
    0x0800057e   0x0000000e   Code   RO         3232    i.ETH_Delay         stm32_eth.o
    0x0800058c   0x00000014   Code   RO         3237    i.ETH_FlushTransmitFIFO  stm32_eth.o
    0x080005a0   0x0000000c   Code   RO         5403    i.ETH_GetCurrentTxBuffer  ethernetif.o
    0x080005ac   0x0000000a   Code   RO         3248    i.ETH_GetDMARxDescFrameLength  stm32_eth.o
    0x080005b6   0x00000002   PAD
    0x080005b8   0x00000048   Code   RO         3263    i.ETH_GetRxPktSize  stm32_eth.o
    0x08000600   0x00000018   Code   RO         3264    i.ETH_GetSoftwareResetStatus  stm32_eth.o
    0x08000618   0x00000020   Code   RO           90    i.ETH_IRQHandler    stm32f10x_it.o
    0x08000638   0x0000024c   Code   RO         3271    i.ETH_Init          stm32_eth.o
    0x08000884   0x00000034   Code   RO         3274    i.ETH_MACAddressConfig  stm32_eth.o
    0x080008b8   0x00000024   Code   RO         3279    i.ETH_MACReceptionCmd  stm32_eth.o
    0x080008dc   0x00000024   Code   RO         3280    i.ETH_MACTransmissionCmd  stm32_eth.o
    0x08000900   0x00000060   Code   RO         3291    i.ETH_ReadPHYRegister  stm32_eth.o
    0x08000960   0x0000001c   Code   RO         5404    i.ETH_Recive_Poll   ethernetif.o
    0x0800097c   0x0000009c   Code   RO         5405    i.ETH_RxPkt_ChainMode  ethernetif.o
    0x08000a18   0x00000014   Code   RO         3302    i.ETH_SoftwareReset  stm32_eth.o
    0x08000a2c   0x00000020   Code   RO         3303    i.ETH_Start         stm32_eth.o
    0x08000a4c   0x000000a4   Code   RO         3304    i.ETH_StructInit    stm32_eth.o
    0x08000af0   0x000000b4   Code   RO         5406    i.ETH_TxPkt_ChainMode  ethernetif.o
    0x08000ba4   0x00000060   Code   RO         3306    i.ETH_WritePHYRegister  stm32_eth.o
    0x08000c04   0x00000088   Code   RO          158    i.Ethernet_Configuration  stm32f107.o
    0x08000c8c   0x0000010c   Code   RO          159    i.GPIO_Configuration  stm32f107.o
    0x08000d98   0x0000000c   Code   RO         1336    i.GPIO_ETH_MediaInterfaceConfig  stm32f10x_gpio.o
    0x08000da4   0x00000112   Code   RO         1340    i.GPIO_Init         stm32f10x_gpio.o
    0x08000eb6   0x00000002   PAD
    0x08000eb8   0x00000070   Code   RO         1342    i.GPIO_PinRemapConfig  stm32f10x_gpio.o
    0x08000f28   0x00000004   Code   RO           91    i.HardFault_Handler  stm32f10x_it.o
    0x08000f2c   0x0000005c   Code   RO          201    i.LwIP_Init         netconf.o
    0x08000f88   0x0000003c   Code   RO          202    i.LwIP_Periodic_Handle  netconf.o
    0x08000fc4   0x00000010   Code   RO          203    i.LwIP_Pkt_Handle   netconf.o
    0x08000fd4   0x00000004   Code   RO           92    i.MemManage_Handler  stm32f10x_it.o
    0x08000fd8   0x00000002   Code   RO           93    i.NMI_Handler       stm32f10x_it.o
    0x08000fda   0x00000034   Code   RO          160    i.NVIC_Configuration  stm32f107.o
    0x0800100e   0x00000002   PAD
    0x08001010   0x00000084   Code   RO          319    i.NVIC_Init         misc.o
    0x08001094   0x00000014   Code   RO          320    i.NVIC_PriorityGroupConfig  misc.o
    0x080010a8   0x00000028   Code   RO          161    i.NVIC_SetPriority  stm32f107.o
    0x080010d0   0x00000014   Code   RO          321    i.NVIC_SetVectorTable  misc.o
    0x080010e4   0x00000002   Code   RO           94    i.PendSV_Handler    stm32f10x_it.o
    0x080010e6   0x00000002   PAD
    0x080010e8   0x00000020   Code   RO         1755    i.RCC_AHBPeriphClockCmd  stm32f10x_rcc.o
    0x08001108   0x00000020   Code   RO         1756    i.RCC_AHBPeriphResetCmd  stm32f10x_rcc.o
    0x08001128   0x00000020   Code   RO         1757    i.RCC_APB1PeriphClockCmd  stm32f10x_rcc.o
    0x08001148   0x00000020   Code   RO         1759    i.RCC_APB2PeriphClockCmd  stm32f10x_rcc.o
    0x08001168   0x00000190   Code   RO         1767    i.RCC_GetClocksFreq  stm32f10x_rcc.o
    0x080012f8   0x0000000c   Code   RO         1779    i.RCC_MCOConfig     stm32f10x_rcc.o
    0x08001304   0x0000004c   Code   RO         5407    i.Read_Eth_Packet   ethernetif.o
    0x08001350   0x00000002   Code   RO           95    i.SVC_Handler       stm32f10x_it.o
    0x08001352   0x00000008   Code   RO         5496    i.SetSysClock       system_stm32f10x.o
    0x0800135a   0x00000002   PAD
    0x0800135c   0x00000118   Code   RO         5497    i.SetSysClockTo72   system_stm32f10x.o
    0x08001474   0x0000002c   Code   RO         5408    i.Set_MAC_Address   ethernetif.o
    0x080014a0   0x00000008   Code   RO           96    i.SysTick_Handler   stm32f10x_it.o
    0x080014a8   0x00000060   Code   RO         5498    i.SystemInit        system_stm32f10x.o
    0x08001508   0x00000076   Code   RO          162    i.System_Setup      stm32f107.o
    0x0800157e   0x00000002   PAD
    0x08001580   0x00000010   Code   RO            2    i.Time_Update       main.o
    0x08001590   0x00000004   Code   RO           97    i.UsageFault_Handler  stm32f10x_it.o
    0x08001594   0x0000015c   Code   RO         5293    i.etharp_arp_input  etharp.o
    0x080016f0   0x000001a0   Code   RO         5296    i.etharp_find_entry  etharp.o
    0x08001890   0x00000040   Code   RO         5297    i.etharp_free_entry  etharp.o
    0x080018d0   0x0000016c   Code   RO         5298    i.etharp_output     etharp.o
    0x08001a3c   0x000000c4   Code   RO         5299    i.etharp_output_to_arp_index  etharp.o
    0x08001b00   0x000001c4   Code   RO         5300    i.etharp_query      etharp.o
    0x08001cc4   0x000000ec   Code   RO         5301    i.etharp_raw        etharp.o
    0x08001db0   0x00000018   Code   RO         5303    i.etharp_request    etharp.o
    0x08001dc8   0x0000002c   Code   RO         5304    i.etharp_request_dst  etharp.o
    0x08001df4   0x00000044   Code   RO         5305    i.etharp_send_ip    etharp.o
    0x08001e38   0x000000e0   Code   RO         5306    i.etharp_tmr        etharp.o
    0x08001f18   0x000000dc   Code   RO         5307    i.etharp_update_arp_entry  etharp.o
    0x08001ff4   0x000000e8   Code   RO         5308    i.ethernet_input    etharp.o
    0x080020dc   0x0000004c   Code   RO         5409    i.ethernetif_init   ethernetif.o
    0x08002128   0x0000002c   Code   RO         5410    i.ethernetif_input  ethernetif.o
    0x08002154   0x00000012   Code   RO         5023    i.icmp_dest_unreach  icmp.o
    0x08002166   0x00000002   PAD
    0x08002168   0x00000224   Code   RO         5024    i.icmp_input        icmp.o
    0x0800238c   0x00000098   Code   RO         5025    i.icmp_send_response  icmp.o
    0x08002424   0x00000012   Code   RO         5026    i.icmp_time_exceeded  icmp.o
    0x08002436   0x00000014   Code   RO         3854    i.inet_chksum       inet_chksum.o
    0x0800244a   0x00000052   Code   RO         3855    i.inet_chksum_pbuf  inet_chksum.o
    0x0800249c   0x0000004c   Code   RO         3856    i.inet_chksum_pseudo  inet_chksum.o
    0x080024e8   0x0000007e   Code   RO         3858    i.inet_cksum_pseudo_base  inet_chksum.o
    0x08002566   0x0000004e   Code   RO         5113    i.ip4_addr_isbroadcast_u32  ip4_addr.o
    0x080025b4   0x000001c0   Code   RO         5166    i.ip4_frag          ip_frag.o
    0x08002774   0x0000023c   Code   RO         5061    i.ip4_input         ip4.o
    0x080029b0   0x00000036   Code   RO         5063    i.ip4_output_if     ip4.o
    0x080029e6   0x00000002   PAD
    0x080029e8   0x00000140   Code   RO         5064    i.ip4_output_if_src  ip4.o
    0x08002b28   0x000001ec   Code   RO         5167    i.ip4_reass         ip_frag.o
    0x08002d14   0x000000a4   Code   RO         5065    i.ip4_route         ip4.o
    0x08002db8   0x00000024   Code   RO         3860    i.ip_chksum_pseudo  inet_chksum.o
    0x08002ddc   0x00000010   Code   RO         5168    i.ip_frag_alloc_pbuf_custom_ref  ip_frag.o
    0x08002dec   0x00000016   Code   RO         5169    i.ip_frag_free_pbuf_custom_ref  ip_frag.o
    0x08002e02   0x00000002   PAD
    0x08002e04   0x000001a0   Code   RO         5170    i.ip_reass_chain_frag_into_datagram_and_validate  ip_frag.o
    0x08002fa4   0x00000030   Code   RO         5171    i.ip_reass_dequeue_datagram  ip_frag.o
    0x08002fd4   0x0000006c   Code   RO         5172    i.ip_reass_enqueue_new_datagram  ip_frag.o
    0x08003040   0x000000d8   Code   RO         5173    i.ip_reass_free_complete_datagram  ip_frag.o
    0x08003118   0x00000088   Code   RO         5174    i.ip_reass_remove_oldest_datagram  ip_frag.o
    0x080031a0   0x0000002e   Code   RO         5176    i.ipfrag_free_pbuf_custom  ip_frag.o
    0x080031ce   0x00000002   PAD
    0x080031d0   0x0000008c   Code   RO         5411    i.low_level_init    ethernetif.o
    0x0800325c   0x0000004c   Code   RO         5412    i.low_level_input   ethernetif.o
    0x080032a8   0x00000034   Code   RO         5413    i.low_level_output  ethernetif.o
    0x080032dc   0x0000001a   Code   RO         3815    i.lwip_htonl        def.o
    0x080032f6   0x0000000c   Code   RO         3816    i.lwip_htons        def.o
    0x08003302   0x0000000c   Code   RO         3817    i.lwip_ntohl        def.o
    0x0800330e   0x0000000c   Code   RO         3818    i.lwip_ntohs        def.o
    0x0800331a   0x0000005e   Code   RO         3862    i.lwip_standard_chksum  inet_chksum.o
    0x08003378   0x00000018   Code   RO            3    i.main              main.o
    0x08003390   0x000000a0   Code   RO         4007    i.mem_free          mem.o
    0x08003430   0x00000064   Code   RO         4008    i.mem_init          mem.o
    0x08003494   0x00000180   Code   RO         4009    i.mem_malloc        mem.o
    0x08003614   0x00000188   Code   RO         4010    i.mem_trim          mem.o
    0x0800379c   0x00000078   Code   RO         4105    i.netif_add         netif.o
    0x08003814   0x00000024   Code   RO         4108    i.netif_issue_reports  netif.o
    0x08003838   0x00000028   Code   RO         4110    i.netif_set_addr    netif.o
    0x08003860   0x0000000c   Code   RO         4111    i.netif_set_default  netif.o
    0x0800386c   0x0000000c   Code   RO         4113    i.netif_set_gw      netif.o
    0x08003878   0x0000004c   Code   RO         4114    i.netif_set_ipaddr  netif.o
    0x080038c4   0x0000000c   Code   RO         4117    i.netif_set_netmask  netif.o
    0x080038d0   0x0000002c   Code   RO         4118    i.netif_set_up      netif.o
    0x080038fc   0x000001d0   Code   RO         4236    i.pbuf_alloc        pbuf.o
    0x08003acc   0x00000066   Code   RO         4237    i.pbuf_alloced_custom  pbuf.o
    0x08003b32   0x00000050   Code   RO         4238    i.pbuf_cat          pbuf.o
    0x08003b82   0x00000012   Code   RO         4240    i.pbuf_clen         pbuf.o
    0x08003b94   0x000000e4   Code   RO         4242    i.pbuf_copy         pbuf.o
    0x08003c78   0x0000009a   Code   RO         4243    i.pbuf_copy_partial  pbuf.o
    0x08003d12   0x000000b6   Code   RO         4245    i.pbuf_free         pbuf.o
    0x08003dc8   0x00000012   Code   RO         4248    i.pbuf_header       pbuf.o
    0x08003dda   0x00000012   Code   RO         4249    i.pbuf_header_force  pbuf.o
    0x08003dec   0x0000009c   Code   RO         4250    i.pbuf_header_impl  pbuf.o
    0x08003e88   0x0000000c   Code   RO         4253    i.pbuf_pool_is_empty  pbuf.o
    0x08003e94   0x000000b8   Code   RO         4255    i.pbuf_realloc      pbuf.o
    0x08003f4c   0x0000000a   Code   RO         4256    i.pbuf_ref          pbuf.o
    0x08003f56   0x00000070   Code   RO         4258    i.pbuf_split_64k    pbuf.o
    0x08003fc6   0x00000002   PAD
    0x08003fc8   0x000000b4   Code   RO         4011    i.plug_holes        mem.o
    0x0800407c   0x0000011c   Code   RO         4449    i.tcp_abandon       tcp.o
    0x08004198   0x0000000e   Code   RO         4450    i.tcp_abort         tcp.o
    0x080041a6   0x00000002   PAD
    0x080041a8   0x0000011c   Code   RO         4453    i.tcp_alloc         tcp.o
    0x080042c4   0x0000000c   Code   RO         4785    i.tcp_build_wnd_scale_option  tcp_out.o
    0x080042d0   0x0000001c   Code   RO         4456    i.tcp_close         tcp.o
    0x080042ec   0x000001f0   Code   RO         4457    i.tcp_close_shutdown  tcp.o
    0x080044dc   0x000000e4   Code   RO         4786    i.tcp_create_segment  tcp_out.o
    0x080045c0   0x0000003a   Code   RO         4460    i.tcp_eff_send_mss_impl  tcp.o
    0x080045fa   0x00000002   PAD
    0x080045fc   0x000001a4   Code   RO         4787    i.tcp_enqueue_flags  tcp_out.o
    0x080047a0   0x00000080   Code   RO         4462    i.tcp_fasttmr       tcp.o
    0x08004820   0x00000058   Code   RO         4710    i.tcp_getoptbyte    tcp_in.o
    0x08004878   0x000006b4   Code   RO         4711    i.tcp_input         tcp_in.o
    0x08004f2c   0x00000084   Code   RO         4788    i.tcp_keepalive     tcp_out.o
    0x08004fb0   0x00000054   Code   RO         4464    i.tcp_kill_prio     tcp.o
    0x08005004   0x00000058   Code   RO         4465    i.tcp_kill_state    tcp.o
    0x0800505c   0x0000003c   Code   RO         4466    i.tcp_kill_timewait  tcp.o
    0x08005098   0x0000013c   Code   RO         4712    i.tcp_listen_input  tcp_in.o
    0x080051d4   0x00000054   Code   RO         4468    i.tcp_netif_ipv4_addr_changed  tcp.o
    0x08005228   0x0000002a   Code   RO         4469    i.tcp_netif_ipv4_addr_changed_pcblist  tcp.o
    0x08005252   0x00000002   PAD
    0x08005254   0x0000001c   Code   RO         4472    i.tcp_next_iss      tcp.o
    0x08005270   0x00000090   Code   RO         4713    i.tcp_oos_insert_segment  tcp_in.o
    0x08005300   0x00000200   Code   RO         4789    i.tcp_output        tcp_out.o
    0x08005500   0x000000a6   Code   RO         4790    i.tcp_output_alloc_header  tcp_out.o
    0x080055a6   0x00000002   PAD
    0x080055a8   0x00000164   Code   RO         4791    i.tcp_output_segment  tcp_out.o
    0x0800570c   0x00000144   Code   RO         4714    i.tcp_parseopt      tcp_in.o
    0x08005850   0x00000056   Code   RO         4473    i.tcp_pcb_purge     tcp.o
    0x080058a6   0x00000002   PAD
    0x080058a8   0x000000b4   Code   RO         4474    i.tcp_pcb_remove    tcp.o
    0x0800595c   0x000005c8   Code   RO         4715    i.tcp_process       tcp_in.o
    0x08005f24   0x000000cc   Code   RO         4476    i.tcp_process_refused_data  tcp.o
    0x08005ff0   0x00000ae4   Code   RO         4716    i.tcp_receive       tcp_in.o
    0x08006ad4   0x0000002e   Code   RO         4478    i.tcp_recv_null     tcp.o
    0x08006b02   0x0000009a   Code   RO         4479    i.tcp_recved        tcp.o
    0x08006b9c   0x00000060   Code   RO         4793    i.tcp_rexmit        tcp_out.o
    0x08006bfc   0x00000054   Code   RO         4794    i.tcp_rexmit_fast   tcp_out.o
    0x08006c50   0x00000046   Code   RO         4795    i.tcp_rexmit_rto    tcp_out.o
    0x08006c96   0x00000002   PAD
    0x08006c98   0x000000b8   Code   RO         4796    i.tcp_rst           tcp_out.o
    0x08006d50   0x0000002c   Code   RO         4480    i.tcp_seg_copy      tcp.o
    0x08006d7c   0x00000018   Code   RO         4481    i.tcp_seg_free      tcp.o
    0x08006d94   0x00000018   Code   RO         4482    i.tcp_segs_free     tcp.o
    0x08006dac   0x0000008e   Code   RO         4797    i.tcp_send_empty_ack  tcp_out.o
    0x08006e3a   0x0000004a   Code   RO         4798    i.tcp_send_fin      tcp_out.o
    0x08006e84   0x000003b4   Code   RO         4486    i.tcp_slowtmr       tcp.o
    0x08007238   0x00000002   Code   RO         4894    i.tcp_timer_needed  timers.o
    0x0800723a   0x00000002   PAD
    0x0800723c   0x000000a8   Code   RO         4717    i.tcp_timewait_input  tcp_in.o
    0x080072e4   0x00000024   Code   RO         4487    i.tcp_tmr           tcp.o
    0x08007308   0x00000014   Code   RO         4718    i.tcp_trigger_input_pcb_close  tcp_in.o
    0x0800731c   0x0000004a   Code   RO         4489    i.tcp_update_rcv_ann_wnd  tcp.o
    0x08007366   0x00000002   PAD
    0x08007368   0x000000ec   Code   RO         4801    i.tcp_zero_window_probe  tcp_out.o
    0x08007454   0x00000230   Code   RO         4913    i.udp_input         udp.o
    0x08007684   0x00000030   Code   RO         4914    i.udp_netif_ipv4_addr_changed  udp.o
    0x080076b4   0x0000000e   Code   RO         5626    x$fpl$fpinit        fz_ws.l(fpinit.o)(fz_ws.l)
    0x080076c2   0x00000010   Data   RO         4057    .constdata          memp.o
    0x080076d2   0x00000002   PAD
    0x080076d4   0x00000050   Data   RO         4490    .constdata          tcp.o
    0x08007724   0x00000008   Data   RO         5120    .constdata          ip4_addr.o
    0x0800772c   0x0000000c   Data   RO         5310    .constdata          etharp.o
    0x08007738   0x00000068   Data   RO         4491    .conststring        tcp.o
    0x080077a0   0x00000020   Data   RO         5707    Region$$Table       anon$$obj.o


    Execution Region RW_IRAM1 (Base: 0x20000000, Size: 0x00004b28, Max: 0x00010000, ABSOLUTE)

    Base Addr    Size         Type   Attr      Idx    E Section Name        Object

    0x20000000   0x00000008   Data   RW            4    .data               main.o
    0x20000008   0x00000020   Data   RW          205    .data               netconf.o
    0x20000028   0x00000014   Data   RW         1795    .data               stm32f10x_rcc.o
    0x2000003c   0x00000010   Data   RW         3307    .data               stm32_eth.o
    0x2000004c   0x0000000c   Data   RW         4013    .data               mem.o
    0x20000058   0x00000009   Data   RW         4119    .data               netif.o
    0x20000061   0x00000001   Data   RW         4262    .data               pbuf.o
    0x20000062   0x00000002   PAD
    0x20000064   0x00000023   Data   RW         4492    .data               tcp.o
    0x20000087   0x00000001   PAD
    0x20000088   0x00000028   Data   RW         4720    .data               tcp_in.o
    0x200000b0   0x00000008   Data   RW         4923    .data               udp.o
    0x200000b8   0x00000002   Data   RW         5068    .data               ip4.o
    0x200000ba   0x00000002   PAD
    0x200000bc   0x00000006   Data   RW         5177    .data               ip_frag.o
    0x200000c2   0x00000001   Data   RW         5311    .data               etharp.o
    0x200000c3   0x00000001   PAD
    0x200000c4   0x00000012   Data   RW         5415    .data               ethernetif.o
    0x200000d6   0x00000002   PAD
    0x200000d8   0x00000030   Zero   RW          204    .bss                netconf.o
    0x20000108   0x0000180d   Zero   RW         4012    .bss                mem.o
    0x20001915   0x00000001   PAD
    0x20001916   0x000000b2   Zero   RW         4423    .bss                stats.o
    0x200019c8   0x00000010   Zero   RW         4719    .bss                tcp_in.o
    0x200019d8   0x00000018   Zero   RW         5067    .bss                ip4.o
    0x200019f0   0x000000f0   Zero   RW         5309    .bss                etharp.o
    0x20001ae0   0x000029e8   Zero   RW         5414    .bss                ethernetif.o
    0x200044c8   0x00000060   Zero   RW         5581    .bss                c_w.l(libspace.o)(c_w.l)
    0x20004528   0x00000200   Zero   RW         5525    HEAP                startup_stm32f10x_cl.o
    0x20004728   0x00000400   Zero   RW         5524    STACK               startup_stm32f10x_cl.o


==============================================================================

Image component sizes


      Code (inc. data)   RO Data    RW Data    ZI Data      Debug   Object Name

         0          0          0          0          0          0   core_cm3.o
        62          0          0          0          0          0   def.o
      2888         84         12          1        240          0   etharp.o
       884        100          0         18      10728          0   ethernetif.o
       736         12          0          0          0          0   icmp.o
       434          0          0          0          0          0   inet_chksum.o
         0          0          0          0          0          0   init.o
      1110         38          0          2         24          0   ip4.o
        78          0          8          0          0          0   ip4_addr.o
      1948         56          0          6          0          0   ip_frag.o
        40          8          0          8          0          0   main.o
      1216         82          0         12       6157          0   mem.o
         0          0         16          0          0          0   memp.o
       172         32          0          0          0          0   misc.o
       168         42          0         32         48          0   netconf.o
       352         18          0          9          0          0   netif.o
      1738         20          0          1          0          0   pbuf.o
        56         22        336          0       1536          0   startup_stm32f10x_cl.o
         0          0          0          0        178          0   stats.o
      1584        134          0         16          0          0   stm32_eth.o
       614         32          0          0          0          0   stm32f107.o
       398         12          0          0          0          0   stm32f10x_gpio.o
        64          0          0          0          0          0   stm32f10x_it.o
       540         56          0         20          0          0   stm32f10x_rcc.o
       384         32          0          0          0          0   system_stm32f10x.o
      3498        192        184         35          0          0   tcp.o
      7044        372          0         40         16          0   tcp_in.o
      2712         48          0          0          0          0   tcp_out.o
         2          0          0          0          0          0   timers.o
       608         18          0          8          0          0   udp.o

    ----------------------------------------------------------------------
     29370       1410        590        216      18928          0   Object Totals
         0          0         32          0          0          0   (incl. Generated)
        40          0          2          8          1          3   (incl. Padding)

    ----------------------------------------------------------------------

      Code (inc. data)   RO Data    RW Data    ZI Data      Debug   Library Member Name

         8          0          0          0          0          0   __main.o
        52          8          0          0          0          0   __scatter.o
        26          0          0          0          0          0   __scatter_copy.o
        28          0          0          0          0          0   __scatter_zi.o
        12          0          0          0          0          0   exit.o
         6          0          0          0          0          0   heapauxi.o
         6          0          0          0          0          0   libinit.o
         2          0          0          0          0          0   libinit2.o
         2          0          0          0          0          0   libshutdown.o
         2          0          0          0          0          0   libshutdown2.o
         8          4          0          0         96          0   libspace.o
        78          0          0          0          0          0   memcmp.o
        12          4          0          0          0          0   rt_fp_status_addr_intlibspace.o
        78          0          0          0          0          0   rt_memclr_w.o
       138          0          0          0          0          0   rt_memcpy_v6.o
       100          0          0          0          0          0   rt_memcpy_w.o
         0          0          0          0          0          0   rtentry.o
        12          0          0          0          0          0   rtentry2.o
         6          0          0          0          0          0   rtentry4.o
         2          0          0          0          0          0   rtexit.o
        10          0          0          0          0          0   rtexit2.o
        12          4          0          0          0          0   sys_exit.o
        74          0          0          0          0          0   sys_stackheap_outer.o
         2          0          0          0          0          0   use_no_semi.o
        14          0          0          0          0          0   fpinit.o

    ----------------------------------------------------------------------
       696         20          0          0         96          0   Library Totals
         6          0          0          0          0          0   (incl. Padding)

    ----------------------------------------------------------------------

      Code (inc. data)   RO Data    RW Data    ZI Data      Debug   Library Name

       676         20          0          0         96        944   c_w.l
        14          0          0          0          0         76   fz_ws.l

    ----------------------------------------------------------------------
       696         20          0          0         96          0   Library Totals

    ----------------------------------------------------------------------

==============================================================================


      Code (inc. data)   RO Data    RW Data    ZI Data      Debug   

     30066       1430        590        216      19024     493360   Grand Totals
     30066       1430        590        216      19024     493360   ELF Image Totals
     30066       1430        590        216          0          0   ROM Totals

==============================================================================

    Total RO  Size (Code + RO Data)                30656 (  29.94kB)
    Total RW  Size (RW Data + ZI Data)             19240 (  18.79kB)
    Total ROM Size (Code + RO Data + RW Data)      30872 (  30.15kB)

==============================================================================

